Archive member included to satisfy reference by file (symbol)

libmain.a(main.cpp.o)         /ssd_data/RSICV_lib/reCamera/host-tools/gcc/riscv64-linux-musl-x86_64/bin/../sysroot/usr/lib64v0p7_xthead/lp64d/crt1.o (main)
libsscma.a(ma_osal_pthread.cpp.o)
                              libmain.a(main.cpp.o) (ma::Signal::install(std::vector<int, std::allocator<int> >, std::function<void (int)>))
libsscma.a(ma_transport_rtsp.cpp.o)
                              libmain.a(main.cpp.o) (ma::TransportRTSP::TransportRTSP())
libsscma.a(ma_misc.c.o)       libmain.a(main.cpp.o) (ma_get_time_ms)
libsscma.a(ma_device_sg200x.cpp.o)
                              libmain.a(main.cpp.o) (ma::Device::getInstance())
libsscma.a(ma_storage_file.cpp.o)
                              libsscma.a(ma_device_sg200x.cpp.o) (ma::StorageFile::StorageFile())
libsscma.a(ma_transport_mqtt.cpp.o)
                              libsscma.a(ma_device_sg200x.cpp.o) (ma::TransportMQTT::TransportMQTT(ma_mqtt_config_t*))
libsscma.a(ma_camera_sg200x.cpp.o)
                              libsscma.a(ma_device_sg200x.cpp.o) (ma::CameraSG200X::CameraSG200X(unsigned long))
libcjson.a(cJSON.c.o)         libsscma.a(ma_storage_file.cpp.o) (cJSON_Delete)
libvideo.a(video.c.o)         libsscma.a(ma_camera_sg200x.cpp.o) (deinitVideo)
libvideo.a(app_ipcam_paramparse.c.o)
                              libvideo.a(video.c.o) (app_ipcam_Param_setVencChnType)
libvideo.a(app_ipcam_sensors.c.o)
                              libvideo.a(app_ipcam_paramparse.c.o) (app_ipcam_SnsObj_Get)
libvideo.a(app_ipcam_sys.c.o)
                              libvideo.a(video.c.o) (app_ipcam_Sys_Param_Get)
libvideo.a(app_ipcam_venc.c.o)
                              libvideo.a(video.c.o) (app_ipcam_Venc_Param_Get)
libvideo.a(app_ipcam_vi.c.o)  libvideo.a(app_ipcam_paramparse.c.o) (app_ipcam_Vi_Param_Get)
libvideo.a(app_ipcam_vpss.c.o)
                              libvideo.a(video.c.o) (app_ipcam_Vpss_Param_Get)
libvideo.a(app_ipcam_comm.c.o)
                              libvideo.a(app_ipcam_venc.c.o) (GetCurTimeInMsec)
libvideo.a(app_ipcam_isp.c.o)
                              libvideo.a(app_ipcam_vi.c.o) (app_ipcam_Vi_Isp_Init)
libvideo.a(app_ipcam_ll.c.o)  libvideo.a(app_ipcam_venc.c.o) (app_ipcam_LList_Data_Push)

Discarded input sections

 .note.GNU-stack
                0x0000000000000000        0x0 /ssd_data/RSICV_lib/reCamera/host-tools/gcc/riscv64-linux-musl-x86_64/bin/../sysroot/usr/lib64v0p7_xthead/lp64d/crt1.o
 .note.GNU-stack
                0x0000000000000000        0x0 /ssd_data/RSICV_lib/reCamera/host-tools/gcc/riscv64-linux-musl-x86_64/bin/../lib/gcc/riscv64-unknown-linux-musl/10.2.0/lib64v0p7_xthead/lp64d/crtbegin.o
 .note.GNU-stack
                0x0000000000000000        0x0 CMakeFiles/device.dir/dummy.c.o
 .group         0x0000000000000000        0x8 libmain.a(main.cpp.o)
 .group         0x0000000000000000       0x14 libmain.a(main.cpp.o)
 .group         0x0000000000000000        0xc libmain.a(main.cpp.o)
 .group         0x0000000000000000        0x8 libmain.a(main.cpp.o)
 .group         0x0000000000000000        0x8 libmain.a(main.cpp.o)
 .group         0x0000000000000000        0x8 libmain.a(main.cpp.o)
 .group         0x0000000000000000       0x10 libmain.a(main.cpp.o)
 .group         0x0000000000000000        0xc libmain.a(main.cpp.o)
 .group         0x0000000000000000        0x8 libmain.a(main.cpp.o)
 .group         0x0000000000000000        0x8 libmain.a(main.cpp.o)
 .group         0x0000000000000000        0xc libmain.a(main.cpp.o)
 .group         0x0000000000000000       0x10 libmain.a(main.cpp.o)
 .group         0x0000000000000000        0xc libmain.a(main.cpp.o)
 .group         0x0000000000000000        0xc libmain.a(main.cpp.o)
 .group         0x0000000000000000        0xc libmain.a(main.cpp.o)
 .group         0x0000000000000000        0x8 libmain.a(main.cpp.o)
 .group         0x0000000000000000        0xc libmain.a(main.cpp.o)
 .group         0x0000000000000000        0x8 libmain.a(main.cpp.o)
 .group         0x0000000000000000       0x14 libmain.a(main.cpp.o)
 .group         0x0000000000000000       0x10 libmain.a(main.cpp.o)
 .group         0x0000000000000000        0xc libmain.a(main.cpp.o)
 .group         0x0000000000000000        0xc libmain.a(main.cpp.o)
 .group         0x0000000000000000        0x8 libmain.a(main.cpp.o)
 .group         0x0000000000000000        0x8 libmain.a(main.cpp.o)
 .group         0x0000000000000000        0x8 libmain.a(main.cpp.o)
 .group         0x0000000000000000        0x8 libmain.a(main.cpp.o)
 .group         0x0000000000000000        0xc libmain.a(main.cpp.o)
 .group         0x0000000000000000        0xc libmain.a(main.cpp.o)
 .group         0x0000000000000000        0xc libmain.a(main.cpp.o)
 .group         0x0000000000000000        0xc libmain.a(main.cpp.o)
 .group         0x0000000000000000        0xc libmain.a(main.cpp.o)
 .group         0x0000000000000000        0xc libmain.a(main.cpp.o)
[...]
Memory Configuration

Name             Origin             Length             Attributes
*default*        0x0000000000000000 0xffffffffffffffff

Linker script and memory map

LOAD /ssd_data/RSICV_lib/reCamera/host-tools/gcc/riscv64-linux-musl-x86_64/bin/../sysroot/usr/lib64v0p7_xthead/lp64d/crt1.o
LOAD /ssd_data/RSICV_lib/reCamera/host-tools/gcc/riscv64-linux-musl-x86_64/bin/../lib/gcc/riscv64-unknown-linux-musl/10.2.0/lib64v0p7_xthead/lp64d/crti.o
LOAD /ssd_data/RSICV_lib/reCamera/host-tools/gcc/riscv64-linux-musl-x86_64/bin/../lib/gcc/riscv64-unknown-linux-musl/10.2.0/lib64v0p7_xthead/lp64d/crtbegin.o
LOAD CMakeFiles/device.dir/dummy.c.o
LOAD libmain.a
LOAD libsscma.a
LOAD libcjson.a
LOAD /ssd_data/sg200x_sdk/sg2002_recamera_emmc/buildroot-2021.05/output/cvitek_CV181X_musl_riscv64/host/riscv64-buildroot-linux-musl/sysroot/usr/lib/libmosquitto.so
LOAD /ssd_data/sg200x_sdk/sg2002_recamera_emmc/buildroot-2021.05/output/cvitek_CV181X_musl_riscv64/host/riscv64-buildroot-linux-musl/sysroot/usr/lib/libssl.a
LOAD /ssd_data/sg200x_sdk/sg2002_recamera_emmc/buildroot-2021.05/output/cvitek_CV181X_musl_riscv64/host/riscv64-buildroot-linux-musl/sysroot/usr/lib/libcrypto.a
LOAD /ssd_data/sg200x_sdk/sg2002_recamera_emmc/install/soc_sg2002_recamera_emmc/tpu_musl_riscv64/cvitek_tpu_sdk/lib/libcviruntime.so
LOAD libvideo.a
LOAD /ssd_data/sg200x_sdk/sg2002_recamera_emmc/cvi_mpi/lib/libae.so
LOAD /ssd_data/sg200x_sdk/sg2002_recamera_emmc/cvi_mpi/lib/libaf.so
LOAD /ssd_data/RSICV_lib/reCamera/host-tools/gcc/riscv64-linux-musl-x86_64/bin/../lib/gcc/riscv64-unknown-linux-musl/10.2.0/../../../../riscv64-unknown-linux-musl/lib/../lib64v0p7_xthead/lp64d/libatomic.so
LOAD /ssd_data/sg200x_sdk/sg2002_recamera_emmc/cvi_mpi/lib/libawb.so
LOAD /ssd_data/sg200x_sdk/sg2002_recamera_emmc/cvi_mpi/lib/libcvi_bin.so
LOAD /ssd_data/sg200x_sdk/sg2002_recamera_emmc/cvi_mpi/lib/libcvi_bin_isp.so
LOAD /ssd_data/sg200x_sdk/sg2002_recamera_emmc/cvi_mpi/lib/libgdc.so
LOAD /ssd_data/sg200x_sdk/sg2002_recamera_emmc/cvi_mpi/lib/libisp.so
LOAD /ssd_data/sg200x_sdk/sg2002_recamera_emmc/cvi_mpi/lib/libisp_algo.so
LOAD /ssd_data/sg200x_sdk/sg2002_recamera_emmc/cvi_mpi/lib/libsys.so
LOAD /ssd_data/sg200x_sdk/sg2002_recamera_emmc/cvi_mpi/lib/libvenc.so
LOAD /ssd_data/sg200x_sdk/sg2002_recamera_emmc/cvi_mpi/lib/libvpss.so
LOAD /ssd_data/sg200x_sdk/sg2002_recamera_emmc/cvi_mpi/lib/libvi.so
LOAD /ssd_data/sg200x_sdk/sg2002_recamera_emmc/cvi_mpi/lib/libvo.so
LOAD /ssd_data/sg200x_sdk/sg2002_recamera_emmc/cvi_mpi/lib/libsns_ov5647.so
LOAD /ssd_data/sg200x_sdk/sg2002_recamera_emmc/cvi_mpi/lib/libsns_sc530ai_2l.so
LOAD /ssd_data/sg200x_sdk/sg2002_recamera_emmc/cvi_mpi/lib/libcvi_ispd2.so
LOAD /ssd_data/sg200x_sdk/sg2002_recamera_emmc/buildroot-2021.05/output/cvitek_CV181X_musl_riscv64/host/riscv64-buildroot-linux-musl/sysroot/usr/lib/libjson-c.a
LOAD libjpegenc.a
LOAD /ssd_data/sg200x_sdk/sg2002_recamera_emmc/buildroot-2021.05/output/cvitek_CV181X_musl_riscv64/host/riscv64-buildroot-linux-musl/sysroot/usr/lib/libcares.so
LOAD /ssd_data/sg200x_sdk/sg2002_recamera_emmc/install/soc_sg2002_recamera_emmc/rootfs/mnt/system/lib/libcvi_rtsp.so
LOAD /ssd_data/sg200x_sdk/sg2002_recamera_emmc/buildroot-2021.05/output/cvitek_CV181X_musl_riscv64/host/riscv64-buildroot-linux-musl/sysroot/usr/lib/libopencv_core.so
LOAD /ssd_data/sg200x_sdk/sg2002_recamera_emmc/buildroot-2021.05/output/cvitek_CV181X_musl_riscv64/host/riscv64-buildroot-linux-musl/sysroot/usr/lib/libopencv_imgcodecs.so
LOAD /ssd_data/sg200x_sdk/sg2002_recamera_emmc/buildroot-2021.05/output/cvitek_CV181X_musl_riscv64/host/riscv64-buildroot-linux-musl/sysroot/usr/lib/libopencv_imgproc.so
LOAD /ssd_data/sg200x_sdk/sg2002_recamera_emmc/buildroot-2021.05/output/cvitek_CV181X_musl_riscv64/host/riscv64-buildroot-linux-musl/sysroot/usr/lib/libssl.so.1.1
LOAD /ssd_data/sg200x_sdk/sg2002_recamera_emmc/buildroot-2021.05/output/cvitek_CV181X_musl_riscv64/host/riscv64-buildroot-linux-musl/sysroot/usr/lib/libcrypto.so.1.1
LOAD /ssd_data/sg200x_sdk/sg2002_recamera_emmc/buildroot-2021.05/output/cvitek_CV181X_musl_riscv64/host/riscv64-buildroot-linux-musl/sysroot/usr/lib/libjson-c.so.5.1.0
LOAD /ssd_data/RSICV_lib/reCamera/host-tools/gcc/riscv64-linux-musl-x86_64/bin/../lib/gcc/riscv64-unknown-linux-musl/10.2.0/../../../../riscv64-unknown-linux-musl/lib/../lib64v0p7_xthead/lp64d/libstdc++.so
LOAD /ssd_data/sg200x_sdk/sg2002_recamera_emmc/buildroot-2021.05/output/cvitek_CV181X_musl_riscv64/host/riscv64-buildroot-linux-musl/sysroot/usr/lib/libm.a
LOAD /ssd_data/RSICV_lib/reCamera/host-tools/gcc/riscv64-linux-musl-x86_64/bin/../lib/gcc/riscv64-unknown-linux-musl/10.2.0/../../../../riscv64-unknown-linux-musl/lib/../lib64v0p7_xthead/lp64d/libgcc_s.so
START GROUP
LOAD /ssd_data/RSICV_lib/reCamera/host-tools/gcc/riscv64-linux-musl-x86_64/bin/../lib/gcc/riscv64-unknown-linux-musl/10.2.0/../../../../riscv64-unknown-linux-musl/lib/../lib64v0p7_xthead/lp64d/libgcc_s.so.1
LOAD /ssd_data/RSICV_lib/reCamera/host-tools/gcc/riscv64-linux-musl-x86_64/bin/../lib/gcc/riscv64-unknown-linux-musl/10.2.0/lib64v0p7_xthead/lp64d/libgcc.a
END GROUP
LOAD /ssd_data/RSICV_lib/reCamera/host-tools/gcc/riscv64-linux-musl-x86_64/bin/../lib/gcc/riscv64-unknown-linux-musl/10.2.0/lib64v0p7_xthead/lp64d/libgcc.a
LOAD /ssd_data/sg200x_sdk/sg2002_recamera_emmc/buildroot-2021.05/output/cvitek_CV181X_musl_riscv64/host/riscv64-buildroot-linux-musl/sysroot/usr/lib/libc.so
LOAD /ssd_data/RSICV_lib/reCamera/host-tools/gcc/riscv64-linux-musl-x86_64/bin/../lib/gcc/riscv64-unknown-linux-musl/10.2.0/../../../../riscv64-unknown-linux-musl/lib/../lib64v0p7_xthead/lp64d/libgcc_s.so
START GROUP
LOAD /ssd_data/RSICV_lib/reCamera/host-tools/gcc/riscv64-linux-musl-x86_64/bin/../lib/gcc/riscv64-unknown-linux-musl/10.2.0/../../../../riscv64-unknown-linux-musl/lib/../lib64v0p7_xthead/lp64d/libgcc_s.so.1
LOAD /ssd_data/RSICV_lib/reCamera/host-tools/gcc/riscv64-linux-musl-x86_64/bin/../lib/gcc/riscv64-unknown-linux-musl/10.2.0/lib64v0p7_xthead/lp64d/libgcc.a
END GROUP
LOAD /ssd_data/RSICV_lib/reCamera/host-tools/gcc/riscv64-linux-musl-x86_64/bin/../lib/gcc/riscv64-unknown-linux-musl/10.2.0/lib64v0p7_xthead/lp64d/libgcc.a
LOAD /ssd_data/RSICV_lib/reCamera/host-tools/gcc/riscv64-linux-musl-x86_64/bin/../lib/gcc/riscv64-unknown-linux-musl/10.2.0/lib64v0p7_xthead/lp64d/crtend.o
LOAD /ssd_data/RSICV_lib/reCamera/host-tools/gcc/riscv64-linux-musl-x86_64/bin/../lib/gcc/riscv64-unknown-linux-musl/10.2.0/lib64v0p7_xthead/lp64d/crtn.o
                [!provide]                        PROVIDE (__executable_start = SEGMENT_START ("text-segment", 0x10000))
                0x0000000000010200                . = (SEGMENT_START ("text-segment", 0x10000) + SIZEOF_HEADERS)

.interp         0x0000000000010200       0x25
 *(.interp)
 .interp        0x0000000000010200       0x25 /ssd_data/RSICV_lib/reCamera/host-tools/gcc/riscv64-linux-musl-x86_64/bin/../sysroot/usr/lib64v0p7_xthead/lp64d/crt1.o

.note.gnu.build-id
 *(.note.gnu.build-id)

.hash           0x0000000000010228     0x25a8
 *(.hash)
 .hash          0x0000000000010228     0x25a8 /ssd_data/RSICV_lib/reCamera/host-tools/gcc/riscv64-linux-musl-x86_64/bin/../sysroot/usr/lib64v0p7_xthead/lp64d/crt1.o

.gnu.hash       0x00000000000127d0     0x297c
 *(.gnu.hash)
 .gnu.hash      0x00000000000127d0     0x297c /ssd_data/RSICV_lib/reCamera/host-tools/gcc/riscv64-linux-musl-x86_64/bin/../sysroot/usr/lib64v0p7_xthead/lp64d/crt1.o

.dynsym         0x0000000000015150     0x8118
 *(.dynsym)
 .dynsym        0x0000000000015150     0x8118 /ssd_data/RSICV_lib/reCamera/host-tools/gcc/riscv64-linux-musl-x86_64/bin/../sysroot/usr/lib64v0p7_xthead/lp64d/crt1.o

.dynstr         0x000000000001d268    0x19c65
 *(.dynstr)
 .dynstr        0x000000000001d268    0x19c65 /ssd_data/RSICV_lib/reCamera/host-tools/gcc/riscv64-linux-musl-x86_64/bin/../sysroot/usr/lib64v0p7_xthead/lp64d/crt1.o

.gnu.version    0x0000000000036ece      0xac2
 *(.gnu.version)
 .gnu.version   0x0000000000036ece      0xac2 /ssd_data/RSICV_lib/reCamera/host-tools/gcc/riscv64-linux-musl-x86_64/bin/../sysroot/usr/lib64v0p7_xthead/lp64d/crt1.o

.gnu.version_d  0x0000000000037990        0x0
 *(.gnu.version_d)
 .gnu.version_d
                0x0000000000037990        0x0 /ssd_data/RSICV_lib/reCamera/host-tools/gcc/riscv64-linux-musl-x86_64/bin/../sysroot/usr/lib64v0p7_xthead/lp64d/crt1.o

.gnu.version_r  0x0000000000037990       0xf0
 *(.gnu.version_r)
 .gnu.version_r
                0x0000000000037990       0xf0 /ssd_data/RSICV_lib/reCamera/host-tools/gcc/riscv64-linux-musl-x86_64/bin/../sysroot/usr/lib64v0p7_xthead/lp64d/crt1.o

.rela.dyn       0x0000000000037a80     0x6678
 *(.rela.init)
 *(.rela.text .rela.text.* .rela.gnu.linkonce.t.*)
 .rela.text     0x0000000000037a80        0x0 /ssd_data/RSICV_lib/reCamera/host-tools/gcc/riscv64-linux-musl-x86_64/bin/../sysroot/usr/lib64v0p7_xthead/lp64d/crt1.o
 .rela.text._start_c
                0x0000000000037a80        0x0 /ssd_data/RSICV_lib/reCamera/host-tools/gcc/riscv64-linux-musl-x86_64/bin/../sysroot/usr/lib64v0p7_xthead/lp64d/crt1.o
 *(.rela.fini)
 *(.rela.rodata .rela.rodata.* .rela.gnu.linkonce.r.*)
 *(.rela.data .rela.data.* .rela.gnu.linkonce.d.*)
 .rela.data.rel.ro
                0x0000000000037a80       0x18 /ssd_data/RSICV_lib/reCamera/host-tools/gcc/riscv64-linux-musl-x86_64/bin/../sysroot/usr/lib64v0p7_xthead/lp64d/crt1.o
 .rela.data.rel.local.DW.ref.__gxx_personality_v0
                0x0000000000037a98        0x0 /ssd_data/RSICV_lib/reCamera/host-tools/gcc/riscv64-linux-musl-x86_64/bin/../sysroot/usr/lib64v0p7_xthead/lp64d/crt1.o
 .rela.data.rel.ro._ZTVN2ma6ThreadE
                0x0000000000037a98        0x0 /ssd_data/RSICV_lib/reCamera/host-tools/gcc/riscv64-linux-musl-x86_64/bin/../sysroot/usr/lib64v0p7_xthead/lp64d/crt1.o
 .rela.data.rel.ro._ZTIN2ma6ThreadE
                0x0000000000037a98       0x18 /ssd_data/RSICV_lib/reCamera/host-tools/gcc/riscv64-linux-musl-x86_64/bin/../sysroot/usr/lib64v0p7_xthead/lp64d/crt1.o
 .rela.data.rel.ro._ZTVN2ma13TransportRTSPE
                0x0000000000037ab0        0x0 /ssd_data/RSICV_lib/reCamera/host-tools/gcc/riscv64-linux-musl-x86_64/bin/../sysroot/usr/lib64v0p7_xthead/lp64d/crt1.o
 .rela.data.rel.ro._ZTVN2ma9TransportE
                0x0000000000037ab0        0x0 /ssd_data/RSICV_lib/reCamera/host-tools/gcc/riscv64-linux-musl-x86_64/bin/../sysroot/usr/lib64v0p7_xthead/lp64d/crt1.o
 .rela.data.rel.ro._ZTIN2ma13TransportRTSPE
                0x0000000000037ab0       0x18 /ssd_data/RSICV_lib/reCamera/host-tools/gcc/riscv64-linux-musl-x86_64/bin/../sysroot/usr/lib64v0p7_xthead/lp64d/crt1.o
 .rela.data.rel.ro._ZTIN2ma9TransportE
                0x0000000000037ac8       0x18 /ssd_data/RSICV_lib/reCamera/host-tools/gcc/riscv64-linux-musl-x86_64/bin/../sysroot/usr/lib64v0p7_xthead/lp64d/crt1.o
 .rela.data.rel.ro._ZTVN2ma11StorageFileE
                0x0000000000037ae0        0x0 /ssd_data/RSICV_lib/reCamera/host-tools/gcc/riscv64-linux-musl-x86_64/bin/../sysroot/usr/lib64v0p7_xthead/lp64d/crt1.o
 .rela.data.rel.ro._ZTVN2ma7StorageE
                0x0000000000037ae0        0x0 /ssd_data/RSICV_lib/reCamera/host-tools/gcc/riscv64-linux-musl-x86_64/bin/../sysroot/usr/lib64v0p7_xthead/lp64d/crt1.o
 .rela.data.rel.ro._ZTIN2ma11StorageFileE
                0x0000000000037ae0       0x18 /ssd_data/RSICV_lib/reCamera/host-tools/gcc/riscv64-linux-musl-x86_64/bin/../sysroot/usr/lib64v0p7_xthead/lp64d/crt1.o
 .rela.data.rel.ro._ZTIN2ma7StorageE
                0x0000000000037af8       0x18 /ssd_data/RSICV_lib/reCamera/host-tools/gcc/riscv64-linux-musl-x86_64/bin/../sysroot/usr/lib64v0p7_xthead/lp64d/crt1.o
 .rela.data.rel.ro._ZTVN2ma13TransportMQTTE
                0x0000000000037b10        0x0 /ssd_data/RSICV_lib/reCamera/host-tools/gcc/riscv64-linux-musl-x86_64/bin/../sysroot/usr/lib64v0p7_xthead/lp64d/crt1.o
 .rela.data.rel.ro._ZTIN2ma13TransportMQTTE
                0x0000000000037b10       0x18 /ssd_data/RSICV_lib/reCamera/host-tools/gcc/riscv64-linux-musl-x86_64/bin/../sysroot/usr/lib64v0p7_xthead/lp64d/crt1.o
 .rela.data.rel.ro._ZTVN2ma12CameraSG200XE
                0x0000000000037b28        0x0 /ssd_data/RSICV_lib/reCamera/host-tools/gcc/riscv64-linux-musl-x86_64/bin/../sysroot/usr/lib64v0p7_xthead/lp64d/crt1.o
 .rela.data.rel.ro._ZTVN2ma6CameraE
                0x0000000000037b28        0x0 /ssd_data/RSICV_lib/reCamera/host-tools/gcc/riscv64-linux-musl-x86_64/bin/../sysroot/usr/lib64v0p7_xthead/lp64d/crt1.o
 .rela.data.rel.ro._ZTVN2ma6SensorE
                0x0000000000037b28        0x0 /ssd_data/RSICV_lib/reCamera/host-tools/gcc/riscv64-linux-musl-x86_64/bin/../sysroot/usr/lib64v0p7_xthead/lp64d/crt1.o
 .rela.data.rel.ro._ZTIN2ma12CameraSG200XE
                0x0000000000037b28       0x18 /ssd_data/RSICV_lib/reCamera/host-tools/gcc/riscv64-linux-musl-x86_64/bin/../sysroot/usr/lib64v0p7_xthead/lp64d/crt1.o
 .rela.data.rel.ro._ZTIN2ma6CameraE
                0x0000000000037b40       0x18 /ssd_data/RSICV_lib/reCamera/host-tools/gcc/riscv64-linux-musl-x86_64/bin/../sysroot/usr/lib64v0p7_xthead/lp64d/crt1.o
 .rela.data.rel.ro._ZTIN2ma6SensorE
                0x0000000000037b58       0x18 /ssd_data/RSICV_lib/reCamera/host-tools/gcc/riscv64-linux-musl-x86_64/bin/../sysroot/usr/lib64v0p7_xthead/lp64d/crt1.o
 .rela.data.rel
                0x0000000000037b70        0x0 /ssd_data/RSICV_lib/reCamera/host-tools/gcc/riscv64-linux-musl-x86_64/bin/../sysroot/usr/lib64v0p7_xthead/lp64d/crt1.o
 *(.rela.tdata .rela.tdata.* .rela.gnu.linkonce.td.*)
 *(.rela.tbss .rela.tbss.* .rela.gnu.linkonce.tb.*)
 *(.rela.ctors)
 *(.rela.dtors)
 *(.rela.got)
 .rela.got      0x0000000000037b70     0x6588 /ssd_data/RSICV_lib/reCamera/host-tools/gcc/riscv64-linux-musl-x86_64/bin/../sysroot/usr/lib64v0p7_xthead/lp64d/crt1.o
 *(.rela.sdata .rela.sdata.* .rela.gnu.linkonce.s.*)
 *(.rela.sbss .rela.sbss.* .rela.gnu.linkonce.sb.*)
 *(.rela.sdata2 .rela.sdata2.* .rela.gnu.linkonce.s2.*)
 *(.rela.sbss2 .rela.sbss2.* .rela.gnu.linkonce.sb2.*)
 *(.rela.bss .rela.bss.* .rela.gnu.linkonce.b.*)
 .rela.bss      0x000000000003e0f8        0x0 /ssd_data/RSICV_lib/reCamera/host-tools/gcc/riscv64-linux-musl-x86_64/bin/../sysroot/usr/lib64v0p7_xthead/lp64d/crt1.o
                [!provide]                        PROVIDE (__rela_iplt_start = .)
 *(.rela.iplt)
                [!provide]                        PROVIDE (__rela_iplt_end = .)

.rela.plt       0x000000000003e0f8     0x1b00
 *(.rela.plt)
 .rela.plt      0x000000000003e0f8     0x1b00 /ssd_data/RSICV_lib/reCamera/host-tools/gcc/riscv64-linux-musl-x86_64/bin/../sysroot/usr/lib64v0p7_xthead/lp64d/crt1.o

.init
 *(SORT_NONE(.init))

.plt            0x000000000003fc00     0x1220
 *(.plt)
 .plt           0x000000000003fc00     0x1220 /ssd_data/RSICV_lib/reCamera/host-tools/gcc/riscv64-linux-musl-x86_64/bin/../sysroot/usr/lib64v0p7_xthead/lp64d/crt1.o
                0x000000000003fc00                _PROCEDURE_LINKAGE_TABLE_
                0x000000000003fc20                operator new[](unsigned long)@@GLIBCXX_3.4
                0x000000000003fc30                pthread_cond_signal
                0x000000000003fc40                __register_frame_info@@GLIBC_2.0
                0x000000000003fc50                pthread_attr_setschedpolicy
                0x000000000003fc60                CVI_AWB_UnRegister
                0x000000000003fc70                std::__cxx11::basic_string<char, std::char_traits<char>, std::allocator<char> >::operator=(std::__cxx11::basic_string<char, std::char_traits<char>, std::allocator<char> > const&)@@GLIBCXX_3.4.21
                0x000000000003fc80                CVI_VPSS_ReleaseChnFrame
                0x000000000003fc90                CVI_SYS_Init
                0x000000000003fca0                __libc_start_main
                0x000000000003fcb0                signal
                0x000000000003fcc0                strncpy
                0x000000000003fcd0                CVI_VENC_SendFrame
                0x000000000003fce0                ftell
                0x000000000003fcf0                exit
                0x000000000003fd00                std::_Rb_tree_insert_and_rebalance(bool, std::_Rb_tree_node_base*, std::_Rb_tree_node_base*, std::_Rb_tree_node_base&)@@GLIBCXX_3.4
                0x000000000003fd10                strlen
                0x000000000003fd20                std::allocator<char>::~allocator()@@GLIBCXX_3.4
                0x000000000003fd30                select
                0x000000000003fd40                cv::fastFree(void*)
                0x000000000003fd50                printf
                0x000000000003fd60                CVI_VB_Exit
                0x000000000003fd70                CVI_VB_Init
                0x000000000003fd80                __gnu_cxx::__atomic_add(int volatile*, int)@@GLIBCXX_3.4
                0x000000000003fd90                CVI_VI_CreatePipe
                0x000000000003fda0                std::basic_ifstream<char, std::char_traits<char> >::close()@@GLIBCXX_3.4
                0x000000000003fdb0                std::ostream::operator<<(std::basic_streambuf<char, std::char_traits<char> >*)@@GLIBCXX_3.4
                0x000000000003fdc0                mosquitto_connect_callback_set@@MOSQ_1.0
                0x000000000003fdd0                free
                0x000000000003fde0                __gnu_cxx::__exchange_and_add(int volatile*, int)@@GLIBCXX_3.4
                0x000000000003fdf0                abort
                0x000000000003fe00                memmove
                0x000000000003fe10                std::__cxx11::basic_string<char, std::char_traits<char>, std::allocator<char> >::insert(unsigned long, char const*)@@GLIBCXX_3.4.21
                0x000000000003fe20                std::basic_ifstream<char, std::char_traits<char> >::~basic_ifstream()@@GLIBCXX_3.4
                0x000000000003fe30                std::filesystem::__cxx11::path::_List::_Impl_deleter::operator()(std::filesystem::__cxx11::path::_List::_Impl*) const@@GLIBCXX_3.4.26
                0x000000000003fe40                std::filesystem::__cxx11::path::_List::_List()@@GLIBCXX_3.4.26
                0x000000000003fe50                std::__cxx11::basic_string<char, std::char_traits<char>, std::allocator<char> >::compare(char const*) const@@GLIBCXX_3.4.21
                0x000000000003fe60                pthread_mutexattr_destroy
                0x000000000003fe70                CVI_VPSS_StopGrp
                0x000000000003fe80                CVI_RTSP_Create
                0x000000000003fe90                pthread_mutex_init
                0x000000000003fea0                CVI_VENC_GetRcParam
                0x000000000003feb0                std::filesystem::__cxx11::directory_iterator::operator++()@@GLIBCXX_3.4.26
                0x000000000003fec0                CVI_AE_Register
                0x000000000003fed0                pthread_create
                0x000000000003fee0                std::__throw_bad_alloc()@@GLIBCXX_3.4
                0x000000000003fef0                std::__throw_bad_function_call()@@GLIBCXX_3.4.14
                0x000000000003ff00                std::filesystem::status(std::filesystem::__cxx11::path const&)@@GLIBCXX_3.4.26
                0x000000000003ff10                std::__cxx11::basic_string<char, std::char_traits<char>, std::allocator<char> >::__sv_wrapper::__sv_wrapper(std::basic_string_view<char, std::char_traits<char> >)@@GLIBCXX_3.4.26
                0x000000000003ff20                std::__shared_ptr<std::filesystem::__cxx11::_Dir, (__gnu_cxx::_Lock_policy)1>::__shared_ptr(std::__shared_ptr<std::filesystem::__cxx11::_Dir, (__gnu_cxx::_Lock_policy)1>&&)@@GLIBCXX_3.4.26
                0x000000000003ff30                CVI_ISP_Init
                0x000000000003ff40                __cxa_begin_catch@@CXXABI_1.3
                0x000000000003ff50                std::__cxx11::basic_string<char, std::char_traits<char>, std::allocator<char> >::c_str() const@@GLIBCXX_3.4.21
                0x000000000003ff60                std::filesystem::__cxx11::path::_M_find_extension() const@@GLIBCXX_3.4.26
                0x000000000003ff70                CVI_VENC_DestroyChn
                0x000000000003ff80                CVI_VI_StartPipe
                0x000000000003ff90                sched_yield
                0x000000000003ffa0                std::__cxx11::basic_string<char, std::char_traits<char>, std::allocator<char> >::basic_string(std::__cxx11::basic_string<char, std::char_traits<char>, std::allocator<char> > const&)@@GLIBCXX_3.4.21
                0x000000000003ffb0                __deregister_frame_info@@GLIBC_2.0
                0x000000000003ffc0                std::__cxx11::basic_string<char, std::char_traits<char>, std::allocator<char> >::back() const@@GLIBCXX_3.4.21
                0x000000000003ffd0                puts
                0x000000000003ffe0                pthread_cond_destroy
                0x000000000003fff0                CVI_VENC_SetH264Trans
                0x0000000000040000                pthread_setcanceltype
                0x0000000000040010                CVI_MIPI_SetSensorReset
                0x0000000000040020                pthread_self
                0x0000000000040030                CVI_VENC_GetFrameLostStrategy
                0x0000000000040040                mosquitto_message_callback_set@@MOSQ_1.0
                0x0000000000040050                syslog
                0x0000000000040060                std::__throw_length_error(char const*)@@GLIBCXX_3.4
                0x0000000000040070                mosquitto_new@@MOSQ_1.0
                0x0000000000040080                CVI_ISP_SetPubAttr
                0x0000000000040090                pthread_condattr_init
                0x00000000000400a0                CVI_ISP_Run
                0x00000000000400b0                std::__cxx11::basic_string<char, std::char_traits<char>, std::allocator<char> >::basic_string(std::__cxx11::basic_string<char, std::char_traits<char>, std::allocator<char> >&&)@@GLIBCXX_3.4.21
                0x00000000000400c0                CVI_VI_GetDevAttr
                0x00000000000400d0                snprintf
                0x00000000000400e0                CVI_VENC_GetH265Vui
                0x00000000000400f0                sscanf
                0x0000000000040100                CVI_VENC_GetFd
                0x0000000000040110                std::__cxx11::basic_string<char, std::char_traits<char>, std::allocator<char> >::~basic_string()@@GLIBCXX_3.4.21
                0x0000000000040120                std::filesystem::__cxx11::path::_List::end() const@@GLIBCXX_3.4.26
                0x0000000000040130                mosquitto_username_pw_set@@MOSQ_1.0
                0x0000000000040140                __cxa_guard_release@@CXXABI_1.3
                0x0000000000040150                fread
                0x0000000000040160                strcmp
                0x0000000000040170                std::__cxx11::basic_string<char, std::char_traits<char>, std::allocator<char> >::_M_set_length(unsigned long)@@GLIBCXX_3.4.21
                0x0000000000040180                std::_Rb_tree_increment(std::_Rb_tree_node_base*)@@GLIBCXX_3.4
                0x0000000000040190                std::__cxx11::basic_string<char, std::char_traits<char>, std::allocator<char> >::size() const@@GLIBCXX_3.4.21
                0x00000000000401a0                std::__cxx11::basic_stringstream<char, std::char_traits<char>, std::allocator<char> >::basic_stringstream()@@GLIBCXX_3.4.26
                0x00000000000401b0                CVI_RTSP_WriteFrame
                0x00000000000401c0                std::__throw_logic_error(char const*)@@GLIBCXX_3.4
                0x00000000000401d0                _fini
                0x00000000000401e0                CVI_VI_DisableDev
                0x00000000000401f0                CVI_VI_EnableDev
                0x0000000000040200                pthread_mutex_unlock
                0x0000000000040210                std::__cxx11::basic_stringstream<char, std::char_traits<char>, std::allocator<char> >::~basic_stringstream()@@GLIBCXX_3.4.21
                0x0000000000040220                CVI_VI_DisableChn
                0x0000000000040230                pthread_mutex_trylock
                0x0000000000040240                CVI_VENC_SetH264Entropy
                0x0000000000040250                __assert_fail
                0x0000000000040260                std::filesystem::__cxx11::path::_M_split_cmpts()@@GLIBCXX_3.4.26
                0x0000000000040270                pthread_condattr_setclock
                0x0000000000040280                mosquitto_loop_stop@@MOSQ_1.0
                0x0000000000040290                std::__cxx11::basic_string<char, std::char_traits<char>, std::allocator<char> >::_M_local_data()@@GLIBCXX_3.4.21
                0x00000000000402a0                CVI_VENC_GetRoiAttr
                0x00000000000402b0                pthread_attr_init
                0x00000000000402c0                memset
                0x00000000000402d0                RTSPServer::setAuthenticationDatabase(UserAuthenticationDatabase*)
                0x00000000000402e0                CVI_VPSS_ResetGrp
                0x00000000000402f0                mosquitto_loop_start@@MOSQ_1.0
                0x0000000000040300                std::__cxx11::basic_string<char, std::char_traits<char>, std::allocator<char> >::_M_data(char*)@@GLIBCXX_3.4.21
                0x0000000000040310                tolower
                0x0000000000040320                CVI_RTSP_CreateSession
                0x0000000000040330                CVI_VPSS_SetChnAttr
                0x0000000000040340                cv::String::deallocate()
                0x0000000000040350                CVI_SYS_SetVIVPSSMode
                0x0000000000040360                CVI_MIPI_SetSensorClock
                0x0000000000040370                CVI_VENC_SetFrameLostStrategy
                0x0000000000040380                CVI_VPSS_CreateGrp
                0x0000000000040390                cv::error(int, cv::String const&, char const*, char const*, int)
                0x00000000000403a0                fopen
                0x00000000000403b0                pthread_cond_init
                0x00000000000403c0                strcpy
                0x00000000000403d0                CVI_ISP_MemInit
                0x00000000000403e0                __errno_location
                0x00000000000403f0                CVI_RTSP_SetListener
                0x0000000000040400                std::filesystem::__cxx11::path::compare(std::filesystem::__cxx11::path const&) const@@GLIBCXX_3.4.26
                0x0000000000040410                CVI_SYS_SetVPSSModeEx
                0x0000000000040420                UserAuthenticationDatabase::UserAuthenticationDatabase(char const*, unsigned char)
                0x0000000000040430                std::__cxx11::basic_string<char, std::char_traits<char>, std::allocator<char> >::operator+=(char const*)@@GLIBCXX_3.4.21
                0x0000000000040440                CVI_VENC_ReleaseStream
                0x0000000000040450                cv::String::allocate(unsigned long)
                0x0000000000040460                pthread_mutex_lock
                0x0000000000040470                std::__cxx11::basic_stringstream<char, std::char_traits<char>, std::allocator<char> >::str() const@@GLIBCXX_3.4.21
                0x0000000000040480                std::basic_ostream<char, std::char_traits<char> >& std::operator<< <std::char_traits<char> >(std::basic_ostream<char, std::char_traits<char> >&, char const*)@@GLIBCXX_3.4
                0x0000000000040490                operator new(unsigned long)@@GLIBCXX_3.4
                0x00000000000404a0                CVI_VI_StopPipe
                0x00000000000404b0                CVI_VENC_GetStream
                0x00000000000404c0                CVI_SYS_Bind
                0x00000000000404d0                memcmp
                0x00000000000404e0                fseek
                0x00000000000404f0                operator delete(void*, unsigned long)@@CXXABI_1.3.9
                0x0000000000040500                std::__cxx11::basic_string<char, std::char_traits<char>, std::allocator<char> >::substr(unsigned long, unsigned long) const@@GLIBCXX_3.4.21
                0x0000000000040510                std::_Rb_tree_decrement(std::_Rb_tree_node_base*)@@GLIBCXX_3.4
                0x0000000000040520                std::ostream::operator<<(std::ostream& (*)(std::ostream&))@@GLIBCXX_3.4
                0x0000000000040530                std::__cxx11::basic_string<char, std::char_traits<char>, std::allocator<char> >::_Alloc_hider::_Alloc_hider(char*, std::allocator<char> const&)@@GLIBCXX_3.4.21
                0x0000000000040540                CVI_ISP_GetPubAttr
                0x0000000000040550                CVI_VI_SetChnAttr
                0x0000000000040560                CVI_VI_DestroyPipe
                0x0000000000040570                std::allocator<char>::~allocator()@@GLIBCXX_3.4
                0x0000000000040580                pthread_equal
                0x0000000000040590                std::__cxx11::basic_string<char, std::char_traits<char>, std::allocator<char> >::_M_data() const@@GLIBCXX_3.4.21
                0x00000000000405a0                pthread_condattr_destroy
                0x00000000000405b0                operator new(unsigned long, std::align_val_t)@@CXXABI_1.3.11
                0x00000000000405c0                CVI_MIPI_SetMipiReset
                0x00000000000405d0                CVI_VB_SetConfig
                0x00000000000405e0                std::__cxx11::basic_string<char, std::char_traits<char>, std::allocator<char> >::_S_copy_chars(char*, char const*, char const*)@@GLIBCXX_3.4.21
                0x00000000000405f0                _init
                0x0000000000040600                CVI_VI_SetDevAttr
                0x0000000000040610                CVI_VENC_SetJpegParam
                0x0000000000040620                std::__cxx11::basic_string<char, std::char_traits<char>, std::allocator<char> >::basic_string(char const*, unsigned long, std::allocator<char> const&)@@GLIBCXX_3.4.21
                0x0000000000040630                strtod
                0x0000000000040640                pthread_mutex_destroy
                0x0000000000040650                CVI_VI_SetDevNum
                0x0000000000040660                rewind
                0x0000000000040670                CVI_AWB_Register
                0x0000000000040680                CVI_ISP_SetStatisticsConfig
                0x0000000000040690                malloc
                0x00000000000406a0                gettimeofday
                0x00000000000406b0                std::__cxx11::basic_string<char, std::char_traits<char>, std::allocator<char> >::_M_construct(unsigned long, char)@@GLIBCXX_3.4.21
                0x00000000000406c0                CVI_ISP_QueryExposureInfo
                0x00000000000406d0                CVI_VI_RegChnFlipMirrorCallBack
                0x00000000000406e0                mosquitto_lib_cleanup@@MOSQ_1.0
                0x00000000000406f0                pthread_once
                0x0000000000040700                mosquitto_reconnect_delay_set@@MOSQ_1.2
                0x0000000000040710                std::__cxx11::basic_string<char, std::char_traits<char>, std::allocator<char> >::operator=(std::__cxx11::basic_string<char, std::char_traits<char>, std::allocator<char> >&&)@@GLIBCXX_3.4.21
                0x0000000000040720                CVI_ISP_SetBindAttr
                0x0000000000040730                __cxa_atexit
                0x0000000000040740                CVI_VPSS_GetChnFrame
                0x0000000000040750                std::__cxx11::basic_string<char, std::char_traits<char>, std::allocator<char> >::_M_dispose()@@GLIBCXX_3.4.21
                0x0000000000040760                pthread_cond_wait
                0x0000000000040770                CVI_SYS_VI_Open
                0x0000000000040780                std::istream::read(char*, long)@@GLIBCXX_3.4
                0x0000000000040790                CVI_MIPI_SetClkEdge
                0x00000000000407a0                memcpy
                0x00000000000407b0                usleep
                0x00000000000407c0                operator delete[](void*)@@GLIBCXX_3.4
                0x00000000000407d0                std::__cxx11::basic_string<char, std::char_traits<char>, std::allocator<char> >::data() const@@GLIBCXX_3.4.21
                0x00000000000407e0                mosquitto_lib_init@@MOSQ_1.0
                0x00000000000407f0                std::__cxx11::basic_string<char, std::char_traits<char>, std::allocator<char> >::find(char, unsigned long) const@@GLIBCXX_3.4.21
                0x0000000000040800                cv::imwrite(cv::String const&, cv::_InputArray const&, std::vector<int, std::allocator<int> > const&)
                0x0000000000040810                CVI_VENC_ResetChn
                0x0000000000040820                std::__detail::_Prime_rehash_policy::_M_need_rehash(unsigned long, unsigned long, unsigned long) const@@GLIBCXX_3.4.18
                0x0000000000040830                std::filesystem::file_size(std::filesystem::__cxx11::path const&)@@GLIBCXX_3.4.26
                0x0000000000040840                CVI_AE_UnRegister
                0x0000000000040850                CVI_VPSS_StartGrp
                0x0000000000040860                clock_nanosleep
                0x0000000000040870                std::istream::seekg(long, std::_Ios_Seekdir)@@GLIBCXX_3.4
                0x0000000000040880                std::__cxx11::basic_string<char, std::char_traits<char>, std::allocator<char> >::operator=(char const*)@@GLIBCXX_3.4.21
                0x0000000000040890                CVI_VENC_SetRcParam
                0x00000000000408a0                std::__cxx11::basic_string<char, std::char_traits<char>, std::allocator<char> >::basic_string()@@GLIBCXX_3.4.21
                0x00000000000408b0                clock_gettime
                0x00000000000408c0                std::basic_ofstream<char, std::char_traits<char> >::close()@@GLIBCXX_3.4
                0x00000000000408d0                CVI_VENC_SetH265Vui
                0x00000000000408e0                CVI_VPSS_DestroyGrp
                0x00000000000408f0                __cxa_rethrow@@CXXABI_1.3
                0x0000000000040900                std::__cxx11::basic_string<char, std::char_traits<char>, std::allocator<char> >::_S_to_string_view(std::basic_string_view<char, std::char_traits<char> >)@@GLIBCXX_3.4.26
                0x0000000000040910                std::basic_ofstream<char, std::char_traits<char> >::~basic_ofstream()@@GLIBCXX_3.4
                0x0000000000040920                pthread_cond_timedwait
                0x0000000000040930                mosquitto_destroy@@MOSQ_1.0
                0x0000000000040940                std::__cxx11::basic_string<char, std::char_traits<char>, std::allocator<char> >::length() const@@GLIBCXX_3.4.21
                0x0000000000040950                pthread_mutexattr_setprotocol
                0x0000000000040960                CVI_VENC_GetH264Trans
                0x0000000000040970                CVI_VENC_GetJpegParam
                0x0000000000040980                pthread_attr_setinheritsched
                0x0000000000040990                std::ios_base::Init::Init()@@GLIBCXX_3.4
                0x00000000000409a0                CVI_ISP_Exit
                0x00000000000409b0                CVI_VENC_SetRoiAttr
                0x00000000000409c0                CVI_VPSS_AttachVbPool
                0x00000000000409d0                std::basic_ifstream<char, std::char_traits<char> >::rdbuf() const@@GLIBCXX_3.4
                0x00000000000409e0                access
                0x00000000000409f0                sprintf
                0x0000000000040a00                mosquitto_subscribe@@MOSQ_1.0
                0x0000000000040a10                CVI_BIN_ImportBinData
                0x0000000000040a20                std::basic_ifstream<char, std::char_traits<char> >::is_open()@@GLIBCXX_3.4
                0x0000000000040a30                std::basic_ifstream<char, std::char_traits<char> >::basic_ifstream(std::__cxx11::basic_string<char, std::char_traits<char>, std::allocator<char> > const&, std::_Ios_Openmode)@@GLIBCXX_3.4.21
                0x0000000000040a40                fclose
                0x0000000000040a50                CVI_RTSP_Start
                0x0000000000040a60                CVI_SYS_UnBind
                0x0000000000040a70                __cxa_end_catch@@CXXABI_1.3
                0x0000000000040a80                CVI_VPSS_DisableChn
                0x0000000000040a90                __gxx_personality_v0@@CXXABI_1.3
                0x0000000000040aa0                CVI_VENC_SetH265Trans
                0x0000000000040ab0                std::__cxx11::basic_string<char, std::char_traits<char>, std::allocator<char> >::empty() const@@GLIBCXX_3.4.21
                0x0000000000040ac0                CVI_ISP_GetStatisticsConfig
                0x0000000000040ad0                pthread_attr_setschedparam
                0x0000000000040ae0                CVI_ISP_SetCtrlParam
                0x0000000000040af0                realloc
                0x0000000000040b00                CVI_RTSP_Stop
                0x0000000000040b10                CVI_BIN_SetBinName
                0x0000000000040b20                mosquitto_disconnect_callback_set@@MOSQ_1.0
                0x0000000000040b30                mosquitto_publish@@MOSQ_1.0
                0x0000000000040b40                std::ostream::operator<<(int)@@GLIBCXX_3.4
                0x0000000000040b50                CVI_VENC_GetH264Vui
                0x0000000000040b60                pthread_mutexattr_settype
                0x0000000000040b70                CVI_SYS_VI_Close
                0x0000000000040b80                std::filesystem::__cxx11::directory_iterator::directory_iterator(std::filesystem::__cxx11::path const&, std::filesystem::directory_options, std::error_code*)@@GLIBCXX_3.4.26
                0x0000000000040b90                CVI_VENC_SetH264Vui
                0x0000000000040ba0                strncmp
                0x0000000000040bb0                CVI_VPSS_EnableChn
                0x0000000000040bc0                _Unwind_Resume@@GCC_3.0
                0x0000000000040bd0                std::allocator<char>::allocator()@@GLIBCXX_3.4
                0x0000000000040be0                pthread_join
                0x0000000000040bf0                std::__cxx11::basic_string<char, std::char_traits<char>, std::allocator<char> >::_M_create(unsigned long&, unsigned long)@@GLIBCXX_3.4.21
                0x0000000000040c00                __cxa_guard_acquire@@CXXABI_1.3
                0x0000000000040c10                CVI_MIPI_SetMipiAttr
                0x0000000000040c20                std::filesystem::__cxx11::directory_iterator::operator*() const@@GLIBCXX_3.4.26
                0x0000000000040c30                mosquitto_disconnect@@MOSQ_1.0
                0x0000000000040c40                CVI_RTSP_Destroy
                0x0000000000040c50                prctl
                0x0000000000040c60                std::basic_ifstream<char, std::char_traits<char> >::basic_ifstream(char const*, std::_Ios_Openmode)@@GLIBCXX_3.4
                0x0000000000040c70                pthread_cancel
                0x0000000000040c80                CVI_VI_EnableChn
                0x0000000000040c90                pthread_setname_np
                0x0000000000040ca0                CVI_VI_UnRegChnFlipMirrorCallBack
                0x0000000000040cb0                mosquitto_connect_async@@MOSQ_1.0
                0x0000000000040cc0                CVI_VPSS_SetChnBufWrapAttr
                0x0000000000040cd0                CVI_VENC_StopRecvFrame
                0x0000000000040ce0                std::__cxx11::basic_string<char, std::char_traits<char>, std::allocator<char> >::basic_string(std::__cxx11::basic_string<char, std::char_traits<char>, std::allocator<char> >::__sv_wrapper, std::allocator<char> const&)@@GLIBCXX_3.4.26
                0x0000000000040cf0                __cxa_pure_virtual@@CXXABI_1.3
                0x0000000000040d00                system
                0x0000000000040d10                std::__cxx11::basic_string<char, std::char_traits<char>, std::allocator<char> >::append(char const*)@@GLIBCXX_3.4.21
                0x0000000000040d20                CVI_VENC_GetH265Trans
                0x0000000000040d30                CVI_VENC_CreateChn
                0x0000000000040d40                cv::Mat::deallocate()
                0x0000000000040d50                std::basic_ofstream<char, std::char_traits<char> >::basic_ofstream(std::__cxx11::basic_string<char, std::char_traits<char>, std::allocator<char> > const&, std::_Ios_Openmode)@@GLIBCXX_3.4.21
                0x0000000000040d60                std::filesystem::__cxx11::path::_List::_List(std::filesystem::__cxx11::path::_List const&)@@GLIBCXX_3.4.26
                0x0000000000040d70                CVI_RTSP_DestroySession
                0x0000000000040d80                CVI_VPSS_SetChnCrop
                0x0000000000040d90                CVI_SYS_RegisterThermalCallback
                0x0000000000040da0                CVI_VENC_StartRecvFrame
                0x0000000000040db0                CVI_SYS_Exit
                0x0000000000040dc0                pthread_setcancelstate
                0x0000000000040dd0                std::__cxx11::basic_string<char, std::char_traits<char>, std::allocator<char> >::_M_capacity(unsigned long)@@GLIBCXX_3.4.21
                0x0000000000040de0                std::__shared_ptr<std::filesystem::__cxx11::_Dir, (__gnu_cxx::_Lock_policy)1>::__shared_ptr()@@GLIBCXX_3.4.26
                0x0000000000040df0                std::__cxx11::basic_string<char, std::char_traits<char>, std::allocator<char> >::operator[](unsigned long)@@GLIBCXX_3.4.21
                0x0000000000040e00                std::istream::gcount() const@@GLIBCXX_3.4
                0x0000000000040e10                pthread_mutexattr_init

.iplt
 *(.iplt)

.text           0x0000000000040e20    0x248a2
 *(.text.unlikely .text.*_unlikely .text.unlikely.*)
 *(.text.exit .text.exit.*)
 *(.text.startup .text.startup.*)
 *(.text.hot .text.hot.*)
 *(SORT_BY_NAME(.text.sorted.*))
 *(.text .stub .text.* .gnu.linkonce.t.*)
 .text          0x0000000000040e20       0x18 /ssd_data/RSICV_lib/reCamera/host-tools/gcc/riscv64-linux-musl-x86_64/bin/../sysroot/usr/lib64v0p7_xthead/lp64d/crt1.o
                0x0000000000040e20                _start
 .text._start_c
                0x0000000000040e38       0x24 /ssd_data/RSICV_lib/reCamera/host-tools/gcc/riscv64-linux-musl-x86_64/bin/../sysroot/usr/lib64v0p7_xthead/lp64d/crt1.o
                0x0000000000040e38                _start_c
 .text          0x0000000000040e5c        0x0 /ssd_data/RSICV_lib/reCamera/host-tools/gcc/riscv64-linux-musl-x86_64/bin/../lib/gcc/riscv64-unknown-linux-musl/10.2.0/lib64v0p7_xthead/lp64d/crti.o
 *fill*         0x0000000000040e5c        0x4 
 .text          0x0000000000040e60       0xc0 /ssd_data/RSICV_lib/reCamera/host-tools/gcc/riscv64-linux-musl-x86_64/bin/../lib/gcc/riscv64-unknown-linux-musl/10.2.0/lib64v0p7_xthead/lp64d/crtbegin.o
 .text          0x0000000000040f20        0x0 CMakeFiles/device.dir/dummy.c.o
 .text          0x0000000000040f20      0xbe8 libmain.a(main.cpp.o)
                0x0000000000040ffe                main
 .text._ZnwmPv  0x0000000000041b08       0x1a libmain.a(main.cpp.o)
                0x0000000000041b08                operator new(unsigned long, void*)
 .text._ZNSt7__cxx119to_stringEi
                0x0000000000041b22       0xf4 libmain.a(main.cpp.o)
                0x0000000000041b22                std::__cxx11::to_string(int)
 .text._ZNSt8__detail14__to_chars_lenIjEEjT_i
                0x0000000000041c16       0xd0 libmain.a(main.cpp.o)
                0x0000000000041c16                unsigned int std::__detail::__to_chars_len<unsigned int>(unsigned int, int)
 .text._ZNSt9_Any_data9_M_accessEv
                0x0000000000041ce6       0x16 libmain.a(main.cpp.o)
                0x0000000000041ce6                std::_Any_data::_M_access()
 .text._ZNKSt9_Any_data9_M_accessEv
                0x0000000000041cfc       0x16 libmain.a(main.cpp.o)
                0x0000000000041cfc                std::_Any_data::_M_access() const
 .text._ZNSt14_Function_baseC2Ev
                0x0000000000041d12       0x1a libmain.a(main.cpp.o)
                0x0000000000041d12                std::_Function_base::_Function_base()
                0x0000000000041d12                std::_Function_base::_Function_base()
 .text._ZNSt14_Function_baseD2Ev
                0x0000000000041d2c       0x34 libmain.a(main.cpp.o)
                0x0000000000041d2c                std::_Function_base::~_Function_base()
                0x0000000000041d2c                std::_Function_base::~_Function_base()
 .text._ZSt3minImERKT_S2_S2_
                0x0000000000041d60       0x30 libmain.a(main.cpp.o)
                0x0000000000041d60                unsigned long const& std::min<unsigned long>(unsigned long const&, unsigned long const&)
 .text._ZNK2ma6Sensor7getTypeEv
                0x0000000000041d90       0x18 libmain.a(main.cpp.o)
                0x0000000000041d90                ma::Sensor::getType() const
 .text._ZN2ma6Device10getSensorsEv
                0x0000000000041da8       0x1a libmain.a(main.cpp.o)
                0x0000000000041da8                ma::Device::getSensors()
 .text._ZN2cv6StringC2EPKc
                0x0000000000041dc2       0x5a libmain.a(main.cpp.o)
                0x0000000000041dc2                cv::String::String(char const*)
                0x0000000000041dc2                cv::String::String(char const*)
 .text._ZN2cv6StringD2Ev
                0x0000000000041e1c       0x1e libmain.a(main.cpp.o)
                0x0000000000041e1c                cv::String::~String()
                0x0000000000041e1c                cv::String::~String()
 .text._ZNSt12_Vector_baseIiSaIiEE12_Vector_implD2Ev
                0x0000000000041e3a       0x24 libmain.a(main.cpp.o)
                0x0000000000041e3a                std::_Vector_base<int, std::allocator<int> >::_Vector_impl::~_Vector_impl()
                0x0000000000041e3a                std::_Vector_base<int, std::allocator<int> >::_Vector_impl::~_Vector_impl()
 .text._ZNSt12_Vector_baseIiSaIiEEC2Ev
                0x0000000000041e5e       0x26 libmain.a(main.cpp.o)
                0x0000000000041e5e                std::_Vector_base<int, std::allocator<int> >::_Vector_base()
                0x0000000000041e5e                std::_Vector_base<int, std::allocator<int> >::_Vector_base()
 .text._ZNSt6vectorIiSaIiEEC2Ev
                0x0000000000041e84       0x26 libmain.a(main.cpp.o)
                0x0000000000041e84                std::vector<int, std::allocator<int> >::vector()
                0x0000000000041e84                std::vector<int, std::allocator<int> >::vector()
 .text._ZN2cv11_InputArray4initEiPKv
                0x0000000000041eaa       0x30 libmain.a(main.cpp.o)
                0x0000000000041eaa                cv::_InputArray::init(int, void const*)
 .text._ZN2cv11_InputArrayC2ERKNS_3MatE
                0x0000000000041eda       0x42 libmain.a(main.cpp.o)
                0x0000000000041eda                cv::_InputArray::_InputArray(cv::Mat const&)
                0x0000000000041eda                cv::_InputArray::_InputArray(cv::Mat const&)
 .text._ZN2cv11_InputArrayD2Ev
                0x0000000000041f1c       0x12 libmain.a(main.cpp.o)
                0x0000000000041f1c                cv::_InputArray::~_InputArray()
                0x0000000000041f1c                cv::_InputArray::~_InputArray()
 .text._ZN2cv3MatC2EiiiPvm
                0x0000000000041f2e      0x312 libmain.a(main.cpp.o)
                0x0000000000041f2e                cv::Mat::Mat(int, int, int, void*, unsigned long)
                0x0000000000041f2e                cv::Mat::Mat(int, int, int, void*, unsigned long)
 .text._ZN2cv3MatD2Ev
                0x0000000000042240       0x42 libmain.a(main.cpp.o)
                0x0000000000042240                cv::Mat::~Mat()
                0x0000000000042240                cv::Mat::~Mat()
 .text._ZN2cv3Mat7releaseEv
                0x0000000000042282       0xae libmain.a(main.cpp.o)
                0x0000000000042282                cv::Mat::release()
 .text._ZNK2cv3Mat5totalEv
                0x0000000000042330       0x8e libmain.a(main.cpp.o)
                0x0000000000042330                cv::Mat::total() const
 .text._ZN2cv7MatSizeC2EPi
                0x00000000000423be       0x20 libmain.a(main.cpp.o)
                0x00000000000423be                cv::MatSize::MatSize(int*)
                0x00000000000423be                cv::MatSize::MatSize(int*)
 .text._ZNK2cv7MatSizeixEi
                0x00000000000423de       0x26 libmain.a(main.cpp.o)
                0x00000000000423de                cv::MatSize::operator[](int) const
 .text._ZN2cv7MatStepC2Ev
                0x0000000000042404       0x36 libmain.a(main.cpp.o)
                0x0000000000042404                cv::MatStep::MatStep()
                0x0000000000042404                cv::MatStep::MatStep()
 .text._ZN2cv7MatStepixEi
                0x000000000004243a       0x26 libmain.a(main.cpp.o)
                0x000000000004243a                cv::MatStep::operator[](int)
 .text._ZN2cv6StringC2ERKNSt7__cxx1112basic_stringIcSt11char_traitsIcESaIcEEE
                0x0000000000042460       0x72 libmain.a(main.cpp.o)
                0x0000000000042460                cv::String::String(std::__cxx11::basic_string<char, std::char_traits<char>, std::allocator<char> > const&)
                0x0000000000042460                cv::String::String(std::__cxx11::basic_string<char, std::char_traits<char>, std::allocator<char> > const&)
 .text._ZNSt8functionIFviEED2Ev
                0x00000000000424d2       0x26 libmain.a(main.cpp.o)
                0x00000000000424d2                std::function<void (int)>::~function()
                0x00000000000424d2                std::function<void (int)>::~function()
 .text._ZN2ma13TransportRTSP10RTSPConfigC2Ev
                0x00000000000424f8       0x3e libmain.a(main.cpp.o)
                0x00000000000424f8                ma::TransportRTSP::RTSPConfig::RTSPConfig()
                0x00000000000424f8                ma::TransportRTSP::RTSPConfig::RTSPConfig()
 .text._ZN2ma13TransportRTSP10RTSPConfigD2Ev
                0x0000000000042536       0x3e libmain.a(main.cpp.o)
                0x0000000000042536                ma::TransportRTSP::RTSPConfig::~RTSPConfig()
                0x0000000000042536                ma::TransportRTSP::RTSPConfig::~RTSPConfig()
 .text._ZNSt7__cxx1112basic_stringIcSt11char_traitsIcESaIcEE12_Alloc_hiderD2Ev
                0x0000000000042574       0x1e libmain.a(main.cpp.o)
                0x0000000000042574                std::__cxx11::basic_string<char, std::char_traits<char>, std::allocator<char> >::_Alloc_hider::~_Alloc_hider()
                0x0000000000042574                std::__cxx11::basic_string<char, std::char_traits<char>, std::allocator<char> >::_Alloc_hider::~_Alloc_hider()
 .text._ZNSt7__cxx1112basic_stringIcSt11char_traitsIcESaIcEEC2IS3_EEmcRKS3_
                0x0000000000042592       0x6e libmain.a(main.cpp.o)
                0x0000000000042592                std::__cxx11::basic_string<char, std::char_traits<char>, std::allocator<char> >::basic_string<std::allocator<char> >(unsigned long, char, std::allocator<char> const&)
                0x0000000000042592                std::__cxx11::basic_string<char, std::char_traits<char>, std::allocator<char> >::basic_string<std::allocator<char> >(unsigned long, char, std::allocator<char> const&)
 .text._ZNSt8__detail18__to_chars_10_implIjEEvPcjT_
                0x0000000000042600      0x12a libmain.a(main.cpp.o)
                0x0000000000042600                void std::__detail::__to_chars_10_impl<unsigned int>(char*, unsigned int, unsigned int)
 .text._ZStplIcSt11char_traitsIcESaIcEENSt7__cxx1112basic_stringIT_T0_T1_EEPKS5_OS8_
                0x000000000004272a       0x48 libmain.a(main.cpp.o)
                0x000000000004272a                std::__cxx11::basic_string<char, std::char_traits<char>, std::allocator<char> > std::operator+<char, std::char_traits<char>, std::allocator<char> >(char const*, std::__cxx11::basic_string<char, std::char_traits<char>, std::allocator<char> >&&)
 .text._ZSt7forwardIiEOT_RNSt16remove_referenceIS0_E4typeE
                0x0000000000042772       0x16 libmain.a(main.cpp.o)
                0x0000000000042772                int&& std::forward<int>(std::remove_reference<int>::type&)
 .text._ZNSt12_Vector_baseIiSaIiEE12_Vector_implC2Ev
                0x0000000000042788       0x34 libmain.a(main.cpp.o)
                0x0000000000042788                std::_Vector_base<int, std::allocator<int> >::_Vector_impl::_Vector_impl()
                0x0000000000042788                std::_Vector_base<int, std::allocator<int> >::_Vector_impl::_Vector_impl()
 .text._ZNSaIiED2Ev
                0x00000000000427bc       0x24 libmain.a(main.cpp.o)
                0x00000000000427bc                std::allocator<int>::~allocator()
                0x00000000000427bc                std::allocator<int>::~allocator()
 .text._ZNSt12_Vector_baseIiSaIiEED2Ev
                0x00000000000427e0       0x50 libmain.a(main.cpp.o)
                0x00000000000427e0                std::_Vector_base<int, std::allocator<int> >::~_Vector_base()
                0x00000000000427e0                std::_Vector_base<int, std::allocator<int> >::~_Vector_base()
 .text._ZNSt6vectorIiSaIiEED2Ev
                0x0000000000042830       0x5e libmain.a(main.cpp.o)
                0x0000000000042830                std::vector<int, std::allocator<int> >::~vector()
                0x0000000000042830                std::vector<int, std::allocator<int> >::~vector()
 .text._ZN2cv5Size_IiEC2Ev
                0x000000000004288e       0x22 libmain.a(main.cpp.o)
                0x000000000004288e                cv::Size_<int>::Size_()
                0x000000000004288e                cv::Size_<int>::Size_()
 .text._ZNKSt6vectorIPN2ma6SensorESaIS2_EE5beginEv
                0x00000000000428b0       0x30 libmain.a(main.cpp.o)
                0x00000000000428b0                std::vector<ma::Sensor*, std::allocator<ma::Sensor*> >::begin() const
 .text._ZNKSt6vectorIPN2ma6SensorESaIS2_EE3endEv
                0x00000000000428e0       0x34 libmain.a(main.cpp.o)
                0x00000000000428e0                std::vector<ma::Sensor*, std::allocator<ma::Sensor*> >::end() const
 .text._ZN9__gnu_cxxneIPKPN2ma6SensorESt6vectorIS3_SaIS3_EEEEbRKNS_17__normal_iteratorIT_T0_EESE_
                0x0000000000042914       0x4e libmain.a(main.cpp.o)
                0x0000000000042914                bool __gnu_cxx::operator!=<ma::Sensor* const*, std::vector<ma::Sensor*, std::allocator<ma::Sensor*> > >(__gnu_cxx::__normal_iterator<ma::Sensor* const*, std::vector<ma::Sensor*, std::allocator<ma::Sensor*> > > const&, __gnu_cxx::__normal_iterator<ma::Sensor* const*, std::vector<ma::Sensor*, std::allocator<ma::Sensor*> > > const&)
 .text._ZN9__gnu_cxx17__normal_iteratorIPKPN2ma6SensorESt6vectorIS3_SaIS3_EEEppEv
                0x0000000000042962       0x26 libmain.a(main.cpp.o)
                0x0000000000042962                __gnu_cxx::__normal_iterator<ma::Sensor* const*, std::vector<ma::Sensor*, std::allocator<ma::Sensor*> > >::operator++()
 .text._ZNK9__gnu_cxx17__normal_iteratorIPKPN2ma6SensorESt6vectorIS3_SaIS3_EEEdeEv
                0x0000000000042988       0x18 libmain.a(main.cpp.o)
                0x0000000000042988                __gnu_cxx::__normal_iterator<ma::Sensor* const*, std::vector<ma::Sensor*, std::allocator<ma::Sensor*> > >::operator*() const
 .text._ZNSaIiEC2Ev
                0x00000000000429a0       0x24 libmain.a(main.cpp.o)
                0x00000000000429a0                std::allocator<int>::allocator()
                0x00000000000429a0                std::allocator<int>::allocator()
 .text._ZNSt6vectorIiSaIiEEC2ESt16initializer_listIiERKS0_
                0x00000000000429c4       0x90 libmain.a(main.cpp.o)
                0x00000000000429c4                std::vector<int, std::allocator<int> >::vector(std::initializer_list<int>, std::allocator<int> const&)
                0x00000000000429c4                std::vector<int, std::allocator<int> >::vector(std::initializer_list<int>, std::allocator<int> const&)
 .text._ZStplIcSt11char_traitsIcESaIcEENSt7__cxx1112basic_stringIT_T0_T1_EEOS8_PKS5_
                0x0000000000042a54       0x46 libmain.a(main.cpp.o)
                0x0000000000042a54                std::__cxx11::basic_string<char, std::char_traits<char>, std::allocator<char> > std::operator+<char, std::char_traits<char>, std::allocator<char> >(std::__cxx11::basic_string<char, std::char_traits<char>, std::allocator<char> >&&, char const*)
 .text._ZSt4moveIRNSt7__cxx1112basic_stringIcSt11char_traitsIcESaIcEEEEONSt16remove_referenceIT_E4typeEOS8_
                0x0000000000042a9a       0x16 libmain.a(main.cpp.o)
                0x0000000000042a9a                std::remove_reference<std::__cxx11::basic_string<char, std::char_traits<char>, std::allocator<char> >&>::type&& std::move<std::__cxx11::basic_string<char, std::char_traits<char>, std::allocator<char> >&>(std::__cxx11::basic_string<char, std::char_traits<char>, std::allocator<char> >&)
 .text._ZNSt12_Vector_baseIiSaIiEE17_Vector_impl_dataC2Ev
                0x0000000000042ab0       0x2a libmain.a(main.cpp.o)
                0x0000000000042ab0                std::_Vector_base<int, std::allocator<int> >::_Vector_impl_data::_Vector_impl_data()
                0x0000000000042ab0                std::_Vector_base<int, std::allocator<int> >::_Vector_impl_data::_Vector_impl_data()
 .text._ZN9__gnu_cxx13new_allocatorIiED2Ev
                0x0000000000042ada       0x12 libmain.a(main.cpp.o)
                0x0000000000042ada                __gnu_cxx::new_allocator<int>::~new_allocator()
                0x0000000000042ada                __gnu_cxx::new_allocator<int>::~new_allocator()
 .text._ZNSt12_Vector_baseIiSaIiEE13_M_deallocateEPim
                0x0000000000042aec       0x3c libmain.a(main.cpp.o)
                0x0000000000042aec                std::_Vector_base<int, std::allocator<int> >::_M_deallocate(int*, unsigned long)
 .text._ZNSt12_Vector_baseIiSaIiEE19_M_get_Tp_allocatorEv
                0x0000000000042b28       0x16 libmain.a(main.cpp.o)
                0x0000000000042b28                std::_Vector_base<int, std::allocator<int> >::_M_get_Tp_allocator()
 .text._ZSt8_DestroyIPiiEvT_S1_RSaIT0_E
                0x0000000000042b3e       0x30 libmain.a(main.cpp.o)
                0x0000000000042b3e                void std::_Destroy<int*, int>(int*, int*, std::allocator<int>&)
 .text._ZN9__gnu_cxx17__normal_iteratorIPKPN2ma6SensorESt6vectorIS3_SaIS3_EEEC2ERKS5_
                0x0000000000042b6e       0x22 libmain.a(main.cpp.o)
                0x0000000000042b6e                __gnu_cxx::__normal_iterator<ma::Sensor* const*, std::vector<ma::Sensor*, std::allocator<ma::Sensor*> > >::__normal_iterator(ma::Sensor* const* const&)
                0x0000000000042b6e                __gnu_cxx::__normal_iterator<ma::Sensor* const*, std::vector<ma::Sensor*, std::allocator<ma::Sensor*> > >::__normal_iterator(ma::Sensor* const* const&)
 .text._ZNK9__gnu_cxx17__normal_iteratorIPKPN2ma6SensorESt6vectorIS3_SaIS3_EEE4baseEv
                0x0000000000042b90       0x16 libmain.a(main.cpp.o)
                0x0000000000042b90                __gnu_cxx::__normal_iterator<ma::Sensor* const*, std::vector<ma::Sensor*, std::allocator<ma::Sensor*> > >::base() const
 .text._ZN9__gnu_cxx13new_allocatorIiEC2Ev
                0x0000000000042ba6       0x12 libmain.a(main.cpp.o)
                0x0000000000042ba6                __gnu_cxx::new_allocator<int>::new_allocator()
                0x0000000000042ba6                __gnu_cxx::new_allocator<int>::new_allocator()
 .text._ZNSt12_Vector_baseIiSaIiEEC2ERKS0_
                0x0000000000042bb8       0x2e libmain.a(main.cpp.o)
                0x0000000000042bb8                std::_Vector_base<int, std::allocator<int> >::_Vector_base(std::allocator<int> const&)
                0x0000000000042bb8                std::_Vector_base<int, std::allocator<int> >::_Vector_base(std::allocator<int> const&)
 .text._ZNKSt16initializer_listIiE5beginEv
                0x0000000000042be6       0x18 libmain.a(main.cpp.o)
                0x0000000000042be6                std::initializer_list<int>::begin() const
 .text._ZNKSt16initializer_listIiE3endEv
                0x0000000000042bfe       0x3e libmain.a(main.cpp.o)
                0x0000000000042bfe                std::initializer_list<int>::end() const
 .text._ZSt8distanceIPKiENSt15iterator_traitsIT_E15difference_typeES3_S3_
                0x0000000000042c3c       0x4a libmain.a(main.cpp.o)
                0x0000000000042c3c                std::iterator_traits<int const*>::difference_type std::distance<int const*>(int const*, int const*)
 .text._ZNSt6vectorIiSaIiEE19_M_range_initializeIPKiEEvT_S5_St20forward_iterator_tag
                0x0000000000042c86       0xc6 libmain.a(main.cpp.o)
                0x0000000000042c86                void std::vector<int, std::allocator<int> >::_M_range_initialize<int const*>(int const*, int const*, std::forward_iterator_tag)
 .text._ZNSt16allocator_traitsISaIiEE10deallocateERS0_Pim
                0x0000000000042d4c       0x34 libmain.a(main.cpp.o)
                0x0000000000042d4c                std::allocator_traits<std::allocator<int> >::deallocate(std::allocator<int>&, int*, unsigned long)
 .text._ZSt8_DestroyIPiEvT_S1_
                0x0000000000042d80       0x2c libmain.a(main.cpp.o)
                0x0000000000042d80                void std::_Destroy<int*>(int*, int*)
 .text._ZNSt12_Vector_baseIiSaIiEE12_Vector_implC2ERKS0_
                0x0000000000042dac       0x3c libmain.a(main.cpp.o)
                0x0000000000042dac                std::_Vector_base<int, std::allocator<int> >::_Vector_impl::_Vector_impl(std::allocator<int> const&)
                0x0000000000042dac                std::_Vector_base<int, std::allocator<int> >::_Vector_impl::_Vector_impl(std::allocator<int> const&)
 .text._ZNKSt16initializer_listIiE4sizeEv
                0x0000000000042de8       0x18 libmain.a(main.cpp.o)
                0x0000000000042de8                std::initializer_list<int>::size() const
 .text._ZSt19__iterator_categoryIPKiENSt15iterator_traitsIT_E17iterator_categoryERKS3_
                0x0000000000042e00       0x12 libmain.a(main.cpp.o)
                0x0000000000042e00                std::iterator_traits<int const*>::iterator_category std::__iterator_category<int const*>(int const* const&)
 .text._ZSt10__distanceIPKiENSt15iterator_traitsIT_E15difference_typeES3_S3_St26random_access_iterator_tag
                0x0000000000042e12       0x28 libmain.a(main.cpp.o)
                0x0000000000042e12                std::iterator_traits<int const*>::difference_type std::__distance<int const*>(int const*, int const*, std::random_access_iterator_tag)
 .text._ZNSt6vectorIiSaIiEE17_S_check_init_lenEmRKS0_
                0x0000000000042e3a       0x72 libmain.a(main.cpp.o)
                0x0000000000042e3a                std::vector<int, std::allocator<int> >::_S_check_init_len(unsigned long, std::allocator<int> const&)
 .text._ZNSt12_Vector_baseIiSaIiEE11_M_allocateEm
                0x0000000000042eac       0x3a libmain.a(main.cpp.o)
                0x0000000000042eac                std::_Vector_base<int, std::allocator<int> >::_M_allocate(unsigned long)
 .text._ZSt22__uninitialized_copy_aIPKiPiiET0_T_S4_S3_RSaIT1_E
                0x0000000000042ee6       0x3a libmain.a(main.cpp.o)
                0x0000000000042ee6                int* std::__uninitialized_copy_a<int const*, int*, int>(int const*, int const*, int*, std::allocator<int>&)
 .text._ZNSt9_Any_data9_M_accessIPKSt9type_infoEERT_v
                0x0000000000042f20       0x26 libmain.a(main.cpp.o)
                0x0000000000042f20                std::type_info const*& std::_Any_data::_M_access<std::type_info const*>()
 .text._ZN9__gnu_cxx13new_allocatorIiE10deallocateEPim
                0x0000000000042f46       0x2c libmain.a(main.cpp.o)
                0x0000000000042f46                __gnu_cxx::new_allocator<int>::deallocate(int*, unsigned long)
 .text._ZNSt12_Destroy_auxILb1EE9__destroyIPiEEvT_S3_
                0x0000000000042f72       0x16 libmain.a(main.cpp.o)
                0x0000000000042f72                void std::_Destroy_aux<true>::__destroy<int*>(int*, int*)
 .text._ZNSaIiEC2ERKS_
                0x0000000000042f88       0x2c libmain.a(main.cpp.o)
                0x0000000000042f88                std::allocator<int>::allocator(std::allocator<int> const&)
                0x0000000000042f88                std::allocator<int>::allocator(std::allocator<int> const&)
 .text._ZNSt6vectorIiSaIiEE11_S_max_sizeERKS0_
                0x0000000000042fb4       0x4c libmain.a(main.cpp.o)
                0x0000000000042fb4                std::vector<int, std::allocator<int> >::_S_max_size(std::allocator<int> const&)
 .text._ZNSt16allocator_traitsISaIiEE8allocateERS0_m
                0x0000000000043000       0x30 libmain.a(main.cpp.o)
                0x0000000000043000                std::allocator_traits<std::allocator<int> >::allocate(std::allocator<int>&, unsigned long)
 .text._ZSt18uninitialized_copyIPKiPiET0_T_S4_S3_
                0x0000000000043030       0x3c libmain.a(main.cpp.o)
                0x0000000000043030                int* std::uninitialized_copy<int const*, int*>(int const*, int const*, int*)
 .text._ZN9__gnu_cxx13new_allocatorIiEC2ERKS1_
                0x000000000004306c       0x16 libmain.a(main.cpp.o)
                0x000000000004306c                __gnu_cxx::new_allocator<int>::new_allocator(__gnu_cxx::new_allocator<int> const&)
                0x000000000004306c                __gnu_cxx::new_allocator<int>::new_allocator(__gnu_cxx::new_allocator<int> const&)
 .text._ZNSt16allocator_traitsISaIiEE8max_sizeERKS0_
                0x0000000000043082       0x26 libmain.a(main.cpp.o)
                0x0000000000043082                std::allocator_traits<std::allocator<int> >::max_size(std::allocator<int> const&)
 .text._ZN9__gnu_cxx13new_allocatorIiE8allocateEmPKv
                0x00000000000430a8       0x50 libmain.a(main.cpp.o)
                0x00000000000430a8                __gnu_cxx::new_allocator<int>::allocate(unsigned long, void const*)
 .text._ZNSt20__uninitialized_copyILb1EE13__uninit_copyIPKiPiEET0_T_S6_S5_
                0x00000000000430f8       0x36 libmain.a(main.cpp.o)
                0x00000000000430f8                int* std::__uninitialized_copy<true>::__uninit_copy<int const*, int*>(int const*, int const*, int*)
 .text._ZNK9__gnu_cxx13new_allocatorIiE8max_sizeEv
                0x000000000004312e       0x26 libmain.a(main.cpp.o)
                0x000000000004312e                __gnu_cxx::new_allocator<int>::max_size() const
 .text._ZNK9__gnu_cxx13new_allocatorIiE11_M_max_sizeEv
                0x0000000000043154       0x16 libmain.a(main.cpp.o)
                0x0000000000043154                __gnu_cxx::new_allocator<int>::_M_max_size() const
 .text._ZSt4copyIPKiPiET0_T_S4_S3_
                0x000000000004316a       0x56 libmain.a(main.cpp.o)
                0x000000000004316a                int* std::copy<int const*, int*>(int const*, int const*, int*)
 .text._ZSt12__miter_baseIPKiET_S2_
                0x00000000000431c0       0x16 libmain.a(main.cpp.o)
                0x00000000000431c0                int const* std::__miter_base<int const*>(int const*)
 .text._ZSt13__copy_move_aILb0EPKiPiET1_T0_S4_S3_
                0x00000000000431d6       0x7e libmain.a(main.cpp.o)
                0x00000000000431d6                int* std::__copy_move_a<false, int const*, int*>(int const*, int const*, int*)
 .text._ZSt12__niter_baseIPKiET_S2_
                0x0000000000043254       0x16 libmain.a(main.cpp.o)
                0x0000000000043254                int const* std::__niter_base<int const*>(int const*)
 .text._ZSt12__niter_baseIPiET_S1_
                0x000000000004326a       0x16 libmain.a(main.cpp.o)
                0x000000000004326a                int* std::__niter_base<int*>(int*)
 .text._ZSt14__copy_move_a1ILb0EPKiPiET1_T0_S4_S3_
                0x0000000000043280       0x36 libmain.a(main.cpp.o)
                0x0000000000043280                int* std::__copy_move_a1<false, int const*, int*>(int const*, int const*, int*)
 .text._ZSt12__niter_wrapIPiET_RKS1_S1_
                0x00000000000432b6       0x1a libmain.a(main.cpp.o)
                0x00000000000432b6                int* std::__niter_wrap<int*>(int* const&, int*)
 .text._ZSt14__copy_move_a2ILb0EPKiPiET1_T0_S4_S3_
                0x00000000000432d0       0x36 libmain.a(main.cpp.o)
                0x00000000000432d0                int* std::__copy_move_a2<false, int const*, int*>(int const*, int const*, int*)
 .text._ZNSt11__copy_moveILb0ELb1ESt26random_access_iterator_tagE8__copy_mIiEEPT_PKS3_S6_S4_
                0x0000000000043306       0x56 libmain.a(main.cpp.o)
                0x0000000000043306                int* std::__copy_move<false, true, std::random_access_iterator_tag>::__copy_m<int>(int const*, int const*, int*)
 .text          0x000000000004335c     0x1272 libsscma.a(ma_osal_pthread.cpp.o)
                0x000000000004335c                ma::Tick::current()
                0x00000000000433aa                ma::Tick::fromMicroseconds(unsigned int)
                0x00000000000433ca                ma::Tick::fromMilliseconds(unsigned int)
                0x00000000000433ee                ma::Tick::fromSeconds(unsigned int)
                0x0000000000043412                ma::Tick::toMicroseconds(unsigned long)
                0x0000000000043432                ma::Tick::toMilliseconds(unsigned long)
                0x0000000000043456                ma::Tick::toSeconds(unsigned long)
                0x000000000004347a                ma::Thread::sleep(unsigned long)
                0x00000000000434ea                ma::Thread::enterCritical()
                0x0000000000043504                ma::Thread::exitCritical()
                0x000000000004351e                ma::Thread::Thread(char const*, void (*)(void*), void*, unsigned int, unsigned long, void**)
                0x000000000004351e                ma::Thread::Thread(char const*, void (*)(void*), void*, unsigned int, unsigned long, void**)
                0x00000000000435d0                ma::Thread::threadEntryPoint()
                0x000000000004360e                ma::Thread::threadEntryPointStub(void*)
                0x0000000000043642                ma::Thread::~Thread()
                0x0000000000043642                ma::Thread::~Thread()
                0x000000000004367e                ma::Thread::operator bool() const
                0x0000000000043692                ma::Thread::start(void*)
                0x0000000000043732                ma::Thread::stop()
                0x0000000000043782                ma::Thread::join()
                0x00000000000437c6                ma::Thread::operator==(ma::Thread const&) const
                0x00000000000437fe                ma::Thread::yield()
                0x0000000000043814                ma::Thread::self()
                0x000000000004382c                ma::Mutex::Mutex(bool)
                0x000000000004382c                ma::Mutex::Mutex(bool)
                0x000000000004388e                ma::Mutex::operator pthread_mutex_t*() const
                0x00000000000438a4                ma::Mutex::~Mutex()
                0x00000000000438a4                ma::Mutex::~Mutex()
                0x00000000000438c4                ma::Mutex::operator bool() const
                0x00000000000438d8                ma::Mutex::tryLock(unsigned long)
                0x0000000000043906                ma::Mutex::lock() const
                0x0000000000043930                ma::Mutex::unlock() const
                0x000000000004395a                ma::Guard::Guard(ma::Mutex const&)
                0x000000000004395a                ma::Guard::Guard(ma::Mutex const&)
                0x000000000004398a                ma::Guard::~Guard()
                0x000000000004398a                ma::Guard::~Guard()
                0x00000000000439ac                ma::Guard::operator bool() const
                0x00000000000439c0                ma::Semaphore::Semaphore(unsigned long)
                0x00000000000439c0                ma::Semaphore::Semaphore(unsigned long)
                0x0000000000043a24                ma::Semaphore::~Semaphore()
                0x0000000000043a24                ma::Semaphore::~Semaphore()
                0x0000000000043a52                ma::Semaphore::operator bool() const
                0x0000000000043a66                ma::Semaphore::wait(unsigned long)
                0x0000000000043b88                ma::Semaphore::getCount() const
                0x0000000000043ba2                ma::Semaphore::signal()
                0x0000000000043c10                ma::Event::Event()
                0x0000000000043c10                ma::Event::Event()
                0x0000000000043c6e                ma::Event::~Event()
                0x0000000000043c6e                ma::Event::~Event()
                0x0000000000043c9c                ma::Event::operator bool() const
                0x0000000000043cb0                ma::Event::wait(unsigned int, unsigned int*, unsigned long, bool, bool)
                0x0000000000043e40                ma::Event::clear(unsigned int)
                0x0000000000043e92                ma::Event::set(unsigned int)
                0x0000000000043f04                ma::Event::get() const
                0x0000000000043f1c                ma::MessageBox::MessageBox(unsigned long)
                0x0000000000043f1c                ma::MessageBox::MessageBox(unsigned long)
                0x0000000000043f98                ma::MessageBox::~MessageBox()
                0x0000000000043f98                ma::MessageBox::~MessageBox()
                0x0000000000043fc6                ma::MessageBox::operator bool() const
                0x0000000000043fda                ma::MessageBox::fetch(void**, unsigned long)
                0x0000000000044132                ma::MessageBox::post(void*, unsigned long)
                0x000000000004429e                ma::Signal::install(std::vector<int, std::allocator<int> >, std::function<void (int)>)
                0x00000000000443ec                ma::Signal::sigHandler(int)
 .text._ZNSt11char_traitsIcE6lengthEPKc
                0x00000000000445ce       0x40 libsscma.a(ma_osal_pthread.cpp.o)
                0x00000000000445ce                std::char_traits<char>::length(char const*)
 .text._ZdlPvS_
                0x000000000004460e       0x16 libsscma.a(ma_osal_pthread.cpp.o)
                0x000000000004460e                operator delete(void*, void*)
 .text._ZNKSt14_Function_base8_M_emptyEv
                0x0000000000044624       0x20 libsscma.a(ma_osal_pthread.cpp.o)
                0x0000000000044624                std::_Function_base::_M_empty() const
 .text._ZNSt15_Rb_tree_headerC2Ev
                0x0000000000044644       0x2c libsscma.a(ma_osal_pthread.cpp.o)
                0x0000000000044644                std::_Rb_tree_header::_Rb_tree_header()
                0x0000000000044644                std::_Rb_tree_header::_Rb_tree_header()
 .text._ZNSt15_Rb_tree_header8_M_resetEv
                0x0000000000044670       0x36 libsscma.a(ma_osal_pthread.cpp.o)
                0x0000000000044670                std::_Rb_tree_header::_M_reset()
 .text._ZNSt8_Rb_treeIiSt4pairIKiSt6vectorISt8functionIFviEESaIS5_EEESt10_Select1stIS8_ESt4lessIiESaIS8_EE13_Rb_tree_implISC_Lb1EED2Ev
                0x00000000000446a6       0x24 libsscma.a(ma_osal_pthread.cpp.o)
                0x00000000000446a6                std::_Rb_tree<int, std::pair<int const, std::vector<std::function<void (int)>, std::allocator<std::function<void (int)> > > >, std::_Select1st<std::pair<int const, std::vector<std::function<void (int)>, std::allocator<std::function<void (int)> > > > >, std::less<int>, std::allocator<std::pair<int const, std::vector<std::function<void (int)>, std::allocator<std::function<void (int)> > > > > >::_Rb_tree_impl<std::less<int>, true>::~_Rb_tree_impl()
                0x00000000000446a6                std::_Rb_tree<int, std::pair<int const, std::vector<std::function<void (int)>, std::allocator<std::function<void (int)> > > >, std::_Select1st<std::pair<int const, std::vector<std::function<void (int)>, std::allocator<std::function<void (int)> > > > >, std::less<int>, std::allocator<std::pair<int const, std::vector<std::function<void (int)>, std::allocator<std::function<void (int)> > > > > >::_Rb_tree_impl<std::less<int>, true>::~_Rb_tree_impl()
 .text._ZNSt8_Rb_treeIiSt4pairIKiSt6vectorISt8functionIFviEESaIS5_EEESt10_Select1stIS8_ESt4lessIiESaIS8_EEC2Ev
                0x00000000000446ca       0x26 libsscma.a(ma_osal_pthread.cpp.o)
                0x00000000000446ca                std::_Rb_tree<int, std::pair<int const, std::vector<std::function<void (int)>, std::allocator<std::function<void (int)> > > >, std::_Select1st<std::pair<int const, std::vector<std::function<void (int)>, std::allocator<std::function<void (int)> > > > >, std::less<int>, std::allocator<std::pair<int const, std::vector<std::function<void (int)>, std::allocator<std::function<void (int)> > > > > >::_Rb_tree()
                0x00000000000446ca                std::_Rb_tree<int, std::pair<int const, std::vector<std::function<void (int)>, std::allocator<std::function<void (int)> > > >, std::_Select1st<std::pair<int const, std::vector<std::function<void (int)>, std::allocator<std::function<void (int)> > > > >, std::less<int>, std::allocator<std::pair<int const, std::vector<std::function<void (int)>, std::allocator<std::function<void (int)> > > > > >::_Rb_tree()
 .text._ZNSt3mapIiSt6vectorISt8functionIFviEESaIS3_EESt4lessIiESaISt4pairIKiS5_EEEC2Ev
                0x00000000000446f0       0x26 libsscma.a(ma_osal_pthread.cpp.o)
                0x00000000000446f0                std::map<int, std::vector<std::function<void (int)>, std::allocator<std::function<void (int)> > >, std::less<int>, std::allocator<std::pair<int const, std::vector<std::function<void (int)>, std::allocator<std::function<void (int)> > > > > >::map()
                0x00000000000446f0                std::map<int, std::vector<std::function<void (int)>, std::allocator<std::function<void (int)> > >, std::less<int>, std::allocator<std::pair<int const, std::vector<std::function<void (int)>, std::allocator<std::function<void (int)> > > > > >::map()
 .text._ZN9__gnu_cxx11char_traitsIcE2eqERKcS3_
                0x0000000000044716       0x36 libsscma.a(ma_osal_pthread.cpp.o)
                0x0000000000044716                __gnu_cxx::char_traits<char>::eq(char const&, char const&)
 .text._ZN9__gnu_cxx11char_traitsIcE6lengthEPKc
                0x000000000004474c       0x56 libsscma.a(ma_osal_pthread.cpp.o)
                0x000000000004474c                __gnu_cxx::char_traits<char>::length(char const*)
 .text._ZSt3maxImERKT_S2_S2_
                0x00000000000447a2       0x30 libsscma.a(ma_osal_pthread.cpp.o)
                0x00000000000447a2                unsigned long const& std::max<unsigned long>(unsigned long const&, unsigned long const&)
 .text._ZNSt7__cxx1112basic_stringIcSt11char_traitsIcESaIcEEC2IS3_EEPKcRKS3_
                0x00000000000447d2       0x8e libsscma.a(ma_osal_pthread.cpp.o)
                0x00000000000447d2                std::__cxx11::basic_string<char, std::char_traits<char>, std::allocator<char> >::basic_string<std::allocator<char> >(char const*, std::allocator<char> const&)
                0x00000000000447d2                std::__cxx11::basic_string<char, std::char_traits<char>, std::allocator<char> >::basic_string<std::allocator<char> >(char const*, std::allocator<char> const&)
 .text._ZNSt8_Rb_treeIiSt4pairIKiSt6vectorISt8functionIFviEESaIS5_EEESt10_Select1stIS8_ESt4lessIiESaIS8_EE13_Rb_tree_implISC_Lb1EEC2Ev
                0x0000000000044860       0x46 libsscma.a(ma_osal_pthread.cpp.o)
                0x0000000000044860                std::_Rb_tree<int, std::pair<int const, std::vector<std::function<void (int)>, std::allocator<std::function<void (int)> > > >, std::_Select1st<std::pair<int const, std::vector<std::function<void (int)>, std::allocator<std::function<void (int)> > > > >, std::less<int>, std::allocator<std::pair<int const, std::vector<std::function<void (int)>, std::allocator<std::function<void (int)> > > > > >::_Rb_tree_impl<std::less<int>, true>::_Rb_tree_impl()
                0x0000000000044860                std::_Rb_tree<int, std::pair<int const, std::vector<std::function<void (int)>, std::allocator<std::function<void (int)> > > >, std::_Select1st<std::pair<int const, std::vector<std::function<void (int)>, std::allocator<std::function<void (int)> > > > >, std::less<int>, std::allocator<std::pair<int const, std::vector<std::function<void (int)>, std::allocator<std::function<void (int)> > > > > >::_Rb_tree_impl<std::less<int>, true>::_Rb_tree_impl()
 .text._ZNSaISt13_Rb_tree_nodeISt4pairIKiSt6vectorISt8functionIFviEESaIS5_EEEEED2Ev
                0x00000000000448a6       0x24 libsscma.a(ma_osal_pthread.cpp.o)
                0x00000000000448a6                std::allocator<std::_Rb_tree_node<std::pair<int const, std::vector<std::function<void (int)>, std::allocator<std::function<void (int)> > > > > >::~allocator()
                0x00000000000448a6                std::allocator<std::_Rb_tree_node<std::pair<int const, std::vector<std::function<void (int)>, std::allocator<std::function<void (int)> > > > > >::~allocator()
 .text._ZNSt8_Rb_treeIiSt4pairIKiSt6vectorISt8functionIFviEESaIS5_EEESt10_Select1stIS8_ESt4lessIiESaIS8_EED2Ev
                0x00000000000448ca       0x46 libsscma.a(ma_osal_pthread.cpp.o)
                0x00000000000448ca                std::_Rb_tree<int, std::pair<int const, std::vector<std::function<void (int)>, std::allocator<std::function<void (int)> > > >, std::_Select1st<std::pair<int const, std::vector<std::function<void (int)>, std::allocator<std::function<void (int)> > > > >, std::less<int>, std::allocator<std::pair<int const, std::vector<std::function<void (int)>, std::allocator<std::function<void (int)> > > > > >::~_Rb_tree()
                0x00000000000448ca                std::_Rb_tree<int, std::pair<int const, std::vector<std::function<void (int)>, std::allocator<std::function<void (int)> > > >, std::_Select1st<std::pair<int const, std::vector<std::function<void (int)>, std::allocator<std::function<void (int)> > > > >, std::less<int>, std::allocator<std::pair<int const, std::vector<std::function<void (int)>, std::allocator<std::function<void (int)> > > > > >::~_Rb_tree()
 .text._ZNSt6vectorIiSaIiEE5beginEv
                0x0000000000044910       0x30 libsscma.a(ma_osal_pthread.cpp.o)
                0x0000000000044910                std::vector<int, std::allocator<int> >::begin()
 .text._ZNSt6vectorIiSaIiEE3endEv
                0x0000000000044940       0x34 libsscma.a(ma_osal_pthread.cpp.o)
                0x0000000000044940                std::vector<int, std::allocator<int> >::end()
 .text._ZN9__gnu_cxxneIPiSt6vectorIiSaIiEEEEbRKNS_17__normal_iteratorIT_T0_EESA_
                0x0000000000044974       0x4e libsscma.a(ma_osal_pthread.cpp.o)
                0x0000000000044974                bool __gnu_cxx::operator!=<int*, std::vector<int, std::allocator<int> > >(__gnu_cxx::__normal_iterator<int*, std::vector<int, std::allocator<int> > > const&, __gnu_cxx::__normal_iterator<int*, std::vector<int, std::allocator<int> > > const&)
 .text._ZN9__gnu_cxx17__normal_iteratorIPiSt6vectorIiSaIiEEEppEv
                0x00000000000449c2       0x26 libsscma.a(ma_osal_pthread.cpp.o)
                0x00000000000449c2                __gnu_cxx::__normal_iterator<int*, std::vector<int, std::allocator<int> > >::operator++()
 .text._ZNK9__gnu_cxx17__normal_iteratorIPiSt6vectorIiSaIiEEEdeEv
                0x00000000000449e8       0x18 libsscma.a(ma_osal_pthread.cpp.o)
                0x00000000000449e8                __gnu_cxx::__normal_iterator<int*, std::vector<int, std::allocator<int> > >::operator*() const
 .text._ZNSt3mapIiSt6vectorISt8functionIFviEESaIS3_EESt4lessIiESaISt4pairIKiS5_EEE4findERS9_
                0x0000000000044a00       0x30 libsscma.a(ma_osal_pthread.cpp.o)
                0x0000000000044a00                std::map<int, std::vector<std::function<void (int)>, std::allocator<std::function<void (int)> > >, std::less<int>, std::allocator<std::pair<int const, std::vector<std::function<void (int)>, std::allocator<std::function<void (int)> > > > > >::find(int const&)
 .text._ZNSt3mapIiSt6vectorISt8functionIFviEESaIS3_EESt4lessIiESaISt4pairIKiS5_EEE3endEv
                0x0000000000044a30       0x28 libsscma.a(ma_osal_pthread.cpp.o)
                0x0000000000044a30                std::map<int, std::vector<std::function<void (int)>, std::allocator<std::function<void (int)> > >, std::less<int>, std::allocator<std::pair<int const, std::vector<std::function<void (int)>, std::allocator<std::function<void (int)> > > > > >::end()
 .text._ZSteqRKSt17_Rb_tree_iteratorISt4pairIKiSt6vectorISt8functionIFviEESaIS5_EEEESB_
                0x0000000000044a58       0x2e libsscma.a(ma_osal_pthread.cpp.o)
                0x0000000000044a58                std::operator==(std::_Rb_tree_iterator<std::pair<int const, std::vector<std::function<void (int)>, std::allocator<std::function<void (int)> > > > > const&, std::_Rb_tree_iterator<std::pair<int const, std::vector<std::function<void (int)>, std::allocator<std::function<void (int)> > > > > const&)
 .text._ZNSt3mapIiSt6vectorISt8functionIFviEESaIS3_EESt4lessIiESaISt4pairIKiS5_EEEixERS9_
                0x0000000000044a86      0x112 libsscma.a(ma_osal_pthread.cpp.o)
                0x0000000000044a86                std::map<int, std::vector<std::function<void (int)>, std::allocator<std::function<void (int)> > >, std::less<int>, std::allocator<std::pair<int const, std::vector<std::function<void (int)>, std::allocator<std::function<void (int)> > > > > >::operator[](int const&)
 .text._ZNSt6vectorISt8functionIFviEESaIS2_EE9push_backERKS2_
                0x0000000000044b98       0x7c libsscma.a(ma_osal_pthread.cpp.o)
                0x0000000000044b98                std::vector<std::function<void (int)>, std::allocator<std::function<void (int)> > >::push_back(std::function<void (int)> const&)
 .text._ZStneRKSt17_Rb_tree_iteratorISt4pairIKiSt6vectorISt8functionIFviEESaIS5_EEEESB_
                0x0000000000044c14       0x2e libsscma.a(ma_osal_pthread.cpp.o)
                0x0000000000044c14                std::operator!=(std::_Rb_tree_iterator<std::pair<int const, std::vector<std::function<void (int)>, std::allocator<std::function<void (int)> > > > > const&, std::_Rb_tree_iterator<std::pair<int const, std::vector<std::function<void (int)>, std::allocator<std::function<void (int)> > > > > const&)
 .text._ZNKSt17_Rb_tree_iteratorISt4pairIKiSt6vectorISt8functionIFviEESaIS5_EEEEptEv
                0x0000000000044c42       0x2a libsscma.a(ma_osal_pthread.cpp.o)
                0x0000000000044c42                std::_Rb_tree_iterator<std::pair<int const, std::vector<std::function<void (int)>, std::allocator<std::function<void (int)> > > > >::operator->() const
 .text._ZNSt6vectorISt8functionIFviEESaIS2_EE5beginEv
                0x0000000000044c6c       0x30 libsscma.a(ma_osal_pthread.cpp.o)
                0x0000000000044c6c                std::vector<std::function<void (int)>, std::allocator<std::function<void (int)> > >::begin()
 .text._ZNSt6vectorISt8functionIFviEESaIS2_EE3endEv
                0x0000000000044c9c       0x34 libsscma.a(ma_osal_pthread.cpp.o)
                0x0000000000044c9c                std::vector<std::function<void (int)>, std::allocator<std::function<void (int)> > >::end()
 .text._ZN9__gnu_cxxneIPSt8functionIFviEESt6vectorIS3_SaIS3_EEEEbRKNS_17__normal_iteratorIT_T0_EESD_
                0x0000000000044cd0       0x4e libsscma.a(ma_osal_pthread.cpp.o)
                0x0000000000044cd0                bool __gnu_cxx::operator!=<std::function<void (int)>*, std::vector<std::function<void (int)>, std::allocator<std::function<void (int)> > > >(__gnu_cxx::__normal_iterator<std::function<void (int)>*, std::vector<std::function<void (int)>, std::allocator<std::function<void (int)> > > > const&, __gnu_cxx::__normal_iterator<std::function<void (int)>*, std::vector<std::function<void (int)>, std::allocator<std::function<void (int)> > > > const&)
 .text._ZN9__gnu_cxx17__normal_iteratorIPSt8functionIFviEESt6vectorIS3_SaIS3_EEEppEv
                0x0000000000044d1e       0x26 libsscma.a(ma_osal_pthread.cpp.o)
                0x0000000000044d1e                __gnu_cxx::__normal_iterator<std::function<void (int)>*, std::vector<std::function<void (int)>, std::allocator<std::function<void (int)> > > >::operator++()
 .text._ZNK9__gnu_cxx17__normal_iteratorIPSt8functionIFviEESt6vectorIS3_SaIS3_EEEdeEv
                0x0000000000044d44       0x18 libsscma.a(ma_osal_pthread.cpp.o)
                0x0000000000044d44                __gnu_cxx::__normal_iterator<std::function<void (int)>*, std::vector<std::function<void (int)>, std::allocator<std::function<void (int)> > > >::operator*() const
 .text._ZNKSt8functionIFviEEclEi
                0x0000000000044d5c       0x5e libsscma.a(ma_osal_pthread.cpp.o)
                0x0000000000044d5c                std::function<void (int)>::operator()(int) const
 .text._ZNSt7__cxx1112basic_stringIcSt11char_traitsIcESaIcEE12_M_constructIPKcEEvT_S8_
                0x0000000000044dba       0x36 libsscma.a(ma_osal_pthread.cpp.o)
                0x0000000000044dba                void std::__cxx11::basic_string<char, std::char_traits<char>, std::allocator<char> >::_M_construct<char const*>(char const*, char const*)
 .text._ZNSaISt13_Rb_tree_nodeISt4pairIKiSt6vectorISt8functionIFviEESaIS5_EEEEEC2Ev
                0x0000000000044df0       0x24 libsscma.a(ma_osal_pthread.cpp.o)
                0x0000000000044df0                std::allocator<std::_Rb_tree_node<std::pair<int const, std::vector<std::function<void (int)>, std::allocator<std::function<void (int)> > > > > >::allocator()
                0x0000000000044df0                std::allocator<std::_Rb_tree_node<std::pair<int const, std::vector<std::function<void (int)>, std::allocator<std::function<void (int)> > > > > >::allocator()
 .text._ZNSt20_Rb_tree_key_compareISt4lessIiEEC2Ev
                0x0000000000044e14       0x12 libsscma.a(ma_osal_pthread.cpp.o)
                0x0000000000044e14                std::_Rb_tree_key_compare<std::less<int> >::_Rb_tree_key_compare()
                0x0000000000044e14                std::_Rb_tree_key_compare<std::less<int> >::_Rb_tree_key_compare()
 .text._ZN9__gnu_cxx13new_allocatorISt13_Rb_tree_nodeISt4pairIKiSt6vectorISt8functionIFviEESaIS7_EEEEED2Ev
                0x0000000000044e26       0x12 libsscma.a(ma_osal_pthread.cpp.o)
                0x0000000000044e26                __gnu_cxx::new_allocator<std::_Rb_tree_node<std::pair<int const, std::vector<std::function<void (int)>, std::allocator<std::function<void (int)> > > > > >::~new_allocator()
                0x0000000000044e26                __gnu_cxx::new_allocator<std::_Rb_tree_node<std::pair<int const, std::vector<std::function<void (int)>, std::allocator<std::function<void (int)> > > > > >::~new_allocator()
 .text._ZNSt8_Rb_treeIiSt4pairIKiSt6vectorISt8functionIFviEESaIS5_EEESt10_Select1stIS8_ESt4lessIiESaIS8_EE8_M_eraseEPSt13_Rb_tree_nodeIS8_E
                0x0000000000044e38       0x6e libsscma.a(ma_osal_pthread.cpp.o)
                0x0000000000044e38                std::_Rb_tree<int, std::pair<int const, std::vector<std::function<void (int)>, std::allocator<std::function<void (int)> > > >, std::_Select1st<std::pair<int const, std::vector<std::function<void (int)>, std::allocator<std::function<void (int)> > > > >, std::less<int>, std::allocator<std::pair<int const, std::vector<std::function<void (int)>, std::allocator<std::function<void (int)> > > > > >::_M_erase(std::_Rb_tree_node<std::pair<int const, std::vector<std::function<void (int)>, std::allocator<std::function<void (int)> > > > >*)
 .text._ZNSt8_Rb_treeIiSt4pairIKiSt6vectorISt8functionIFviEESaIS5_EEESt10_Select1stIS8_ESt4lessIiESaIS8_EE8_M_beginEv
                0x0000000000044ea6       0x18 libsscma.a(ma_osal_pthread.cpp.o)
                0x0000000000044ea6                std::_Rb_tree<int, std::pair<int const, std::vector<std::function<void (int)>, std::allocator<std::function<void (int)> > > >, std::_Select1st<std::pair<int const, std::vector<std::function<void (int)>, std::allocator<std::function<void (int)> > > > >, std::less<int>, std::allocator<std::pair<int const, std::vector<std::function<void (int)>, std::allocator<std::function<void (int)> > > > > >::_M_begin()
 .text._ZN9__gnu_cxx17__normal_iteratorIPiSt6vectorIiSaIiEEEC2ERKS1_
                0x0000000000044ebe       0x22 libsscma.a(ma_osal_pthread.cpp.o)
                0x0000000000044ebe                __gnu_cxx::__normal_iterator<int*, std::vector<int, std::allocator<int> > >::__normal_iterator(int* const&)
                0x0000000000044ebe                __gnu_cxx::__normal_iterator<int*, std::vector<int, std::allocator<int> > >::__normal_iterator(int* const&)
 .text._ZNK9__gnu_cxx17__normal_iteratorIPiSt6vectorIiSaIiEEE4baseEv
                0x0000000000044ee0       0x16 libsscma.a(ma_osal_pthread.cpp.o)
                0x0000000000044ee0                __gnu_cxx::__normal_iterator<int*, std::vector<int, std::allocator<int> > >::base() const
 .text._ZNSt8_Rb_treeIiSt4pairIKiSt6vectorISt8functionIFviEESaIS5_EEESt10_Select1stIS8_ESt4lessIiESaIS8_EE4findERS1_
                0x0000000000044ef6       0xca libsscma.a(ma_osal_pthread.cpp.o)